Component: ARM Compiler 5.06 update 5 (build 528) Tool: armlink [4d35e2]

==============================================================================

Section Cross References

    startup_stm32l152xe.o(RESET) refers to startup_stm32l152xe.o(STACK) for __initial_sp
    startup_stm32l152xe.o(RESET) refers to startup_stm32l152xe.o(.text) for Reset_Handler
    startup_stm32l152xe.o(RESET) refers to stm32l1xx_it.o(i.NMI_Handler) for NMI_Handler
    startup_stm32l152xe.o(RESET) refers to stm32l1xx_it.o(i.HardFault_Handler) for HardFault_Handler
    startup_stm32l152xe.o(RESET) refers to stm32l1xx_it.o(i.MemManage_Handler) for MemManage_Handler
    startup_stm32l152xe.o(RESET) refers to stm32l1xx_it.o(i.BusFault_Handler) for BusFault_Handler
    startup_stm32l152xe.o(RESET) refers to stm32l1xx_it.o(i.UsageFault_Handler) for UsageFault_Handler
    startup_stm32l152xe.o(RESET) refers to port.o(.emb_text) for SVC_Handler
    startup_stm32l152xe.o(RESET) refers to stm32l1xx_it.o(i.DebugMon_Handler) for DebugMon_Handler
    startup_stm32l152xe.o(RESET) refers to stm32l1xx_it.o(i.SysTick_Handler) for SysTick_Handler
    startup_stm32l152xe.o(RESET) refers to mesn_i2c.o(i.I2C2_EV_IRQHandler) for I2C2_EV_IRQHandler
    startup_stm32l152xe.o(RESET) refers to mesn_i2c.o(i.I2C2_ER_IRQHandler) for I2C2_ER_IRQHandler
    startup_stm32l152xe.o(RESET) refers to mesn_uart_os.o(i.USART3_IRQHandler) for USART3_IRQHandler
    startup_stm32l152xe.o(RESET) refers to stm32l1xx_it.o(i.TIM6_IRQHandler) for TIM6_IRQHandler
    startup_stm32l152xe.o(.text) refers to system_stm32l1xx.o(i.SystemInit) for SystemInit
    startup_stm32l152xe.o(.text) refers to entry.o(.ARM.Collect$$$$00000000) for __main
    stm32l1xx_hal_flash_ramfunc.o(i.FLASHRAM_SetErrorCode) refers to stm32l1xx_hal_flash.o(.bss) for pFlash
    stm32l1xx_hal_flash_ramfunc.o(i.FLASHRAM_WaitForLastOperation) refers to stm32l1xx_hal_flash_ramfunc.o(i.FLASHRAM_SetErrorCode) for FLASHRAM_SetErrorCode
    stm32l1xx_hal_flash_ramfunc.o(i.HAL_FLASHEx_DATAEEPROM_EraseDoubleWord) refers to stm32l1xx_hal_flash_ramfunc.o(i.FLASHRAM_WaitForLastOperation) for FLASHRAM_WaitForLastOperation
    stm32l1xx_hal_flash_ramfunc.o(i.HAL_FLASHEx_DATAEEPROM_ProgramDoubleWord) refers to stm32l1xx_hal_flash_ramfunc.o(i.FLASHRAM_WaitForLastOperation) for FLASHRAM_WaitForLastOperation
    stm32l1xx_hal_flash_ramfunc.o(i.HAL_FLASHEx_EraseParallelPage) refers to stm32l1xx_hal_flash_ramfunc.o(i.FLASHRAM_WaitForLastOperation) for FLASHRAM_WaitForLastOperation
    stm32l1xx_hal_flash_ramfunc.o(i.HAL_FLASHEx_GetError) refers to stm32l1xx_hal_flash.o(.bss) for pFlash
    stm32l1xx_hal_flash_ramfunc.o(i.HAL_FLASHEx_HalfPageProgram) refers to stm32l1xx_hal_flash_ramfunc.o(i.FLASHRAM_WaitForLastOperation) for FLASHRAM_WaitForLastOperation
    stm32l1xx_hal_flash_ramfunc.o(i.HAL_FLASHEx_ProgramParallelHalfPage) refers to stm32l1xx_hal_flash_ramfunc.o(i.FLASHRAM_WaitForLastOperation) for FLASHRAM_WaitForLastOperation
    stm32l1xx_hal.o(i.HAL_DeInit) refers to stm32l1xx_hal.o(i.HAL_MspDeInit) for HAL_MspDeInit
    stm32l1xx_hal.o(i.HAL_Delay) refers to stm32l1xx_hal.o(i.HAL_GetTick) for HAL_GetTick
    stm32l1xx_hal.o(i.HAL_GetTick) refers to stm32l1xx_hal.o(.data) for .data
    stm32l1xx_hal.o(i.HAL_IncTick) refers to stm32l1xx_hal.o(.data) for .data
    stm32l1xx_hal.o(i.HAL_Init) refers to stm32l1xx_hal_cortex.o(i.HAL_NVIC_SetPriorityGrouping) for HAL_NVIC_SetPriorityGrouping
    stm32l1xx_hal.o(i.HAL_Init) refers to stm32l1xx_hal_timebase_tim.o(i.HAL_InitTick) for HAL_InitTick
    stm32l1xx_hal.o(i.HAL_Init) refers to stm32l1xx_hal_msp.o(i.HAL_MspInit) for HAL_MspInit
    stm32l1xx_hal.o(i.HAL_InitTick) refers to stm32l1xx_hal_cortex.o(i.HAL_SYSTICK_Config) for HAL_SYSTICK_Config
    stm32l1xx_hal.o(i.HAL_InitTick) refers to stm32l1xx_hal_cortex.o(i.HAL_NVIC_SetPriority) for HAL_NVIC_SetPriority
    stm32l1xx_hal.o(i.HAL_InitTick) refers to system_stm32l1xx.o(.data) for SystemCoreClock
    stm32l1xx_hal_pwr.o(i.HAL_PWR_PVD_IRQHandler) refers to stm32l1xx_hal_pwr.o(i.HAL_PWR_PVDCallback) for HAL_PWR_PVDCallback
    stm32l1xx_hal_cortex.o(i.HAL_NVIC_SetPriority) refers to stm32l1xx_hal_cortex.o(i.NVIC_SetPriority) for NVIC_SetPriority
    stm32l1xx_hal_cortex.o(i.HAL_SYSTICK_Config) refers to stm32l1xx_hal_cortex.o(i.NVIC_SetPriority) for NVIC_SetPriority
    stm32l1xx_hal_cortex.o(i.HAL_SYSTICK_IRQHandler) refers to stm32l1xx_hal_cortex.o(i.HAL_SYSTICK_Callback) for HAL_SYSTICK_Callback
    stm32l1xx_hal_flash.o(i.FLASH_SetErrorCode) refers to stm32l1xx_hal_flash.o(.bss) for .bss
    stm32l1xx_hal_flash.o(i.FLASH_WaitForLastOperation) refers to stm32l1xx_hal.o(i.HAL_GetTick) for HAL_GetTick
    stm32l1xx_hal_flash.o(i.FLASH_WaitForLastOperation) refers to stm32l1xx_hal_flash.o(i.FLASH_SetErrorCode) for FLASH_SetErrorCode
    stm32l1xx_hal_flash.o(i.HAL_FLASH_GetError) refers to stm32l1xx_hal_flash.o(.bss) for .bss
[...]
    i.USART3_IRQHandler                      0x08003e54   Section        0  mesn_uart_os.o(i.USART3_IRQHandler)
    i.UsageFault_Handler                     0x08003e78   Section        0  stm32l1xx_it.o(i.UsageFault_Handler)
    i._Error_Handler                         0x08003e7a   Section        0  main.o(i._Error_Handler)
    i.__0sprintf$1                           0x08003e7c   Section        0  printf1.o(i.__0sprintf$1)
    i.__ARM_fpclassify                       0x08003ea4   Section        0  fpclassify.o(i.__ARM_fpclassify)
    i.__kernel_poly                          0x08003ecc   Section        0  poly.o(i.__kernel_poly)
    i.__mathlib_dbl_infnan                   0x08003f76   Section        0  dunder.o(i.__mathlib_dbl_infnan)
    i.__mathlib_dbl_invalid                  0x08003f7c   Section        0  dunder.o(i.__mathlib_dbl_invalid)
    i.__mathlib_dbl_underflow                0x08003f88   Section        0  dunder.o(i.__mathlib_dbl_underflow)
    i.__scatterload_copy                     0x08003f98   Section       14  handlers.o(i.__scatterload_copy)
    i.__scatterload_null                     0x08003fa6   Section        2  handlers.o(i.__scatterload_null)
    i.__scatterload_zeroinit                 0x08003fa8   Section       14  handlers.o(i.__scatterload_zeroinit)
    i.__set_errno                            0x08003fb8   Section        0  errno.o(i.__set_errno)
    i._printf_core                           0x08003fc4   Section        0  printf1.o(i._printf_core)
    _printf_core                             0x08003fc5   Thumb Code   336  printf1.o(i._printf_core)
    i._sputc                                 0x08004118   Section        0  printf1.o(i._sputc)
    _sputc                                   0x08004119   Thumb Code    10  printf1.o(i._sputc)
    i.asin                                   0x08004124   Section        0  asin.o(i.asin)
    i.autoAlgo_angleObs                      0x08004394   Section        0  regulation.o(i.autoAlgo_angleObs)
    i.autoAlgo_commandLaw                    0x08004410   Section        0  regulation.o(i.autoAlgo_commandLaw)
    i.help                                   0x0800448c   Section        0  freertos.o(i.help)
    i.inHandlerMode                          0x080044d4   Section        0  cmsis_os.o(i.inHandlerMode)
    inHandlerMode                            0x080044d5   Thumb Code    12  cmsis_os.o(i.inHandlerMode)
    i.interfaceAffichage                     0x080044e0   Section        0  freertos.o(i.interfaceAffichage)
    i.main                                   0x0800457c   Section        0  main.o(i.main)
    i.osDelay                                0x0800463c   Section        0  cmsis_os.o(i.osDelay)
    i.osDelayUntil                           0x0800464a   Section        0  cmsis_os.o(i.osDelayUntil)
    i.osKernelStart                          0x08004658   Section        0  cmsis_os.o(i.osKernelStart)
    i.osKernelSysTick                        0x08004662   Section        0  cmsis_os.o(i.osKernelSysTick)
    i.osMessageCreate                        0x0800467a   Section        0  cmsis_os.o(i.osMessageCreate)
    i.osMessageGet                           0x08004684   Section        0  cmsis_os.o(i.osMessageGet)
    i.osMessagePut                           0x0800471c   Section        0  cmsis_os.o(i.osMessagePut)
    i.osMutexCreate                          0x08004778   Section        0  cmsis_os.o(i.osMutexCreate)
    i.osMutexRelease                         0x08004780   Section        0  cmsis_os.o(i.osMutexRelease)
    i.osMutexWait                            0x080047d0   Section        0  cmsis_os.o(i.osMutexWait)
    i.osSemaphoreCreate                      0x08004838   Section        0  cmsis_os.o(i.osSemaphoreCreate)
    i.osSemaphoreRelease                     0x08004860   Section        0  cmsis_os.o(i.osSemaphoreRelease)
    i.osSemaphoreWait                        0x080048b0   Section        0  cmsis_os.o(i.osSemaphoreWait)
    i.osSystickHandler                       0x08004918   Section        0  cmsis_os.o(i.osSystickHandler)
    i.osThreadCreate                         0x0800492c   Section        0  cmsis_os.o(i.osThreadCreate)
    i.prvAddCurrentTaskToDelayedList         0x0800495c   Section        0  tasks.o(i.prvAddCurrentTaskToDelayedList)
    prvAddCurrentTaskToDelayedList           0x0800495d   Thumb Code   102  tasks.o(i.prvAddCurrentTaskToDelayedList)
    i.prvAddNewTaskToReadyList               0x080049cc   Section        0  tasks.o(i.prvAddNewTaskToReadyList)
    prvAddNewTaskToReadyList                 0x080049cd   Thumb Code   188  tasks.o(i.prvAddNewTaskToReadyList)
    i.prvCopyDataFromQueue                   0x08004a94   Section        0  queue.o(i.prvCopyDataFromQueue)
    prvCopyDataFromQueue                     0x08004a95   Thumb Code    38  queue.o(i.prvCopyDataFromQueue)
    i.prvCopyDataToQueue                     0x08004aba   Section        0  queue.o(i.prvCopyDataToQueue)
    prvCopyDataToQueue                       0x08004abb   Thumb Code   108  queue.o(i.prvCopyDataToQueue)
    i.prvIdleTask                            0x08004b28   Section        0  tasks.o(i.prvIdleTask)
    prvIdleTask                              0x08004b29   Thumb Code    26  tasks.o(i.prvIdleTask)
    i.prvInitialiseNewTask                   0x08004b4c   Section        0  tasks.o(i.prvInitialiseNewTask)
    prvInitialiseNewTask                     0x08004b4d   Thumb Code   156  tasks.o(i.prvInitialiseNewTask)
    i.prvIsQueueEmpty                        0x08004be8   Section        0  queue.o(i.prvIsQueueEmpty)
    prvIsQueueEmpty                          0x08004be9   Thumb Code    28  queue.o(i.prvIsQueueEmpty)
    i.prvResetNextTaskUnblockTime            0x08004c04   Section        0  tasks.o(i.prvResetNextTaskUnblockTime)
    prvResetNextTaskUnblockTime              0x08004c05   Thumb Code    26  tasks.o(i.prvResetNextTaskUnblockTime)
    i.prvTaskExitError                       0x08004c24   Section        0  port.o(i.prvTaskExitError)
    prvTaskExitError                         0x08004c25   Thumb Code    36  port.o(i.prvTaskExitError)
    i.prvUnlockQueue                         0x08004c4c   Section        0  queue.o(i.prvUnlockQueue)
    prvUnlockQueue                           0x08004c4d   Thumb Code   106  queue.o(i.prvUnlockQueue)
    i.pvPortMalloc                           0x08004cb8   Section        0  heap_1.o(i.pvPortMalloc)
    i.pvTaskIncrementMutexHeldCount          0x08004d10   Section        0  tasks.o(i.pvTaskIncrementMutexHeldCount)
    i.pxPortInitialiseStack                  0x08004d28   Section        0  port.o(i.pxPortInitialiseStack)
    i.sqrt                                   0x08004d4c   Section        0  sqrt.o(i.sqrt)
    i.uxListRemove                           0x08004d98   Section        0  list.o(i.uxListRemove)
    i.vApplicationMallocFailedHook           0x08004dbc   Section        0  freertos.o(i.vApplicationMallocFailedHook)
    i.vApplicationStackOverflowHook          0x08004dbe   Section        0  freertos.o(i.vApplicationStackOverflowHook)
    i.vListInitialise                        0x08004dc0   Section        0  list.o(i.vListInitialise)
    i.vListInitialiseItem                    0x08004dd6   Section        0  list.o(i.vListInitialiseItem)
    i.vListInsert                            0x08004ddc   Section        0  list.o(i.vListInsert)
    i.vListInsertEnd                         0x08004e0c   Section        0  list.o(i.vListInsertEnd)
    i.vPortEnterCritical                     0x08004e24   Section        0  port.o(i.vPortEnterCritical)
    i.vPortExitCritical                      0x08004e64   Section        0  port.o(i.vPortExitCritical)
    i.vPortFree                              0x08004e8c   Section        0  heap_1.o(i.vPortFree)
    i.vPortSetupTimerInterrupt               0x08004ea4   Section        0  port.o(i.vPortSetupTimerInterrupt)
    i.vPortValidateInterruptPriority         0x08004ec4   Section        0  port.o(i.vPortValidateInterruptPriority)
    i.vTaskDelay                             0x08004f18   Section        0  tasks.o(i.vTaskDelay)
    i.vTaskDelayUntil                        0x08004f64   Section        0  tasks.o(i.vTaskDelayUntil)
    i.vTaskMissedYield                       0x08004ff0   Section        0  tasks.o(i.vTaskMissedYield)
    i.vTaskPlaceOnEventList                  0x08004ffc   Section        0  tasks.o(i.vTaskPlaceOnEventList)
    i.vTaskPriorityInherit                   0x0800502c   Section        0  tasks.o(i.vTaskPriorityInherit)
    i.vTaskSetTimeOutState                   0x080050b0   Section        0  tasks.o(i.vTaskSetTimeOutState)
    i.vTaskStartScheduler                    0x080050d4   Section        0  tasks.o(i.vTaskStartScheduler)
    i.vTaskSuspendAll                        0x0800513c   Section        0  tasks.o(i.vTaskSuspendAll)
    i.vTaskSwitchContext                     0x0800514c   Section        0  tasks.o(i.vTaskSwitchContext)
    i.xPortStartScheduler                    0x080051c0   Section        0  port.o(i.xPortStartScheduler)
    i.xPortSysTickHandler                    0x08005234   Section        0  port.o(i.xPortSysTickHandler)
    i.xQueueCreateMutex                      0x08005260   Section        0  queue.o(i.xQueueCreateMutex)
    i.xQueueGenericCreate                    0x08005284   Section        0  queue.o(i.xQueueGenericCreate)
    i.xQueueGenericReceive                   0x080052d8   Section        0  queue.o(i.xQueueGenericReceive)
    i.xQueueGenericReset                     0x08005444   Section        0  queue.o(i.xQueueGenericReset)
    i.xQueueGenericSend                      0x080054cc   Section        0  queue.o(i.xQueueGenericSend)
    i.xQueueGenericSendFromISR               0x0800562c   Section        0  queue.o(i.xQueueGenericSendFromISR)
    i.xQueueGiveFromISR                      0x080056e8   Section        0  queue.o(i.xQueueGiveFromISR)
    i.xQueueReceiveFromISR                   0x08005784   Section        0  queue.o(i.xQueueReceiveFromISR)
    i.xTaskCheckForTimeOut                   0x08005820   Section        0  tasks.o(i.xTaskCheckForTimeOut)
    i.xTaskCreate                            0x0800588c   Section        0  tasks.o(i.xTaskCreate)
    i.xTaskGetSchedulerState                 0x080058e4   Section        0  tasks.o(i.xTaskGetSchedulerState)
    i.xTaskGetTickCount                      0x08005900   Section        0  tasks.o(i.xTaskGetTickCount)
    i.xTaskGetTickCountFromISR               0x0800590c   Section        0  tasks.o(i.xTaskGetTickCountFromISR)
    i.xTaskIncrementTick                     0x0800591c   Section        0  tasks.o(i.xTaskIncrementTick)
    i.xTaskPriorityDisinherit                0x080059e4   Section        0  tasks.o(i.xTaskPriorityDisinherit)
    i.xTaskRemoveFromEventList               0x08005a7c   Section        0  tasks.o(i.xTaskRemoveFromEventList)
    i.xTaskResumeAll                         0x08005af0   Section        0  tasks.o(i.xTaskResumeAll)
    .constdata                               0x08005bb4   Section       76  freertos.o(.constdata)
    .constdata                               0x08005c00   Section       25  system_stm32l1xx.o(.constdata)
    .constdata                               0x08005c19   Section        8  system_stm32l1xx.o(.constdata)
    .constdata                               0x08005c24   Section       12  mesn_uart_os.o(.constdata)
    os_mutex_def_uartTxSem                   0x08005c24   Data           4  mesn_uart_os.o(.constdata)
    os_messageQ_def_uartRxQ                  0x08005c28   Data           8  mesn_uart_os.o(.constdata)
    .constdata                               0x08005c30   Section       80  asin.o(.constdata)
    pS                                       0x08005c30   Data          48  asin.o(.constdata)
    qS                                       0x08005c60   Data          32  asin.o(.constdata)
    .conststring                             0x08005c80   Section      173  freertos.o(.conststring)
    .data                                    0x20000000   Section        4  stm32l1xx_hal.o(.data)
    .data                                    0x20000004   Section       20  freertos.o(.data)
    .data                                    0x20000018   Section        4  system_stm32l1xx.o(.data)
    .data                                    0x2000001c   Section       56  tasks.o(.data)
    uxCurrentNumberOfTasks                   0x20000020   Data           4  tasks.o(.data)
    xTickCount                               0x20000024   Data           4  tasks.o(.data)
    uxTopReadyPriority                       0x20000028   Data           4  tasks.o(.data)
    xSchedulerRunning                        0x2000002c   Data           4  tasks.o(.data)
    uxPendedTicks                            0x20000030   Data           4  tasks.o(.data)
    xYieldPending                            0x20000034   Data           4  tasks.o(.data)
    xNumOfOverflows                          0x20000038   Data           4  tasks.o(.data)
    uxTaskNumber                             0x2000003c   Data           4  tasks.o(.data)
    xNextTaskUnblockTime                     0x20000040   Data           4  tasks.o(.data)
    xIdleTaskHandle                          0x20000044   Data           4  tasks.o(.data)
    uxSchedulerSuspended                     0x20000048   Data           4  tasks.o(.data)
    pxDelayedTaskList                        0x2000004c   Data           4  tasks.o(.data)
    pxOverflowDelayedTaskList                0x20000050   Data           4  tasks.o(.data)
    .data                                    0x20000054   Section        8  heap_1.o(.data)
    xNextFreeByte                            0x20000054   Data           4  heap_1.o(.data)
    pucAlignedHeap                           0x20000058   Data           4  heap_1.o(.data)
    .data                                    0x2000005c   Section       12  port.o(.data)
    ucMaxSysCallPriority                     0x2000005c   Data           1  port.o(.data)
    uxCriticalNesting                        0x20000060   Data           4  port.o(.data)
    ulMaxPRIGROUPValue                       0x20000064   Data           4  port.o(.data)
    .data                                    0x20000068   Section        8  mesn_uart_os.o(.data)
    uartTxSem                                0x20000068   Data           4  mesn_uart_os.o(.data)
    uartRxQ_ID                               0x2000006c   Data           4  mesn_uart_os.o(.data)
    .data                                    0x20000070   Section       20  mesn_i2c.o(.data)
    i2cCtrlStatus                            0x20000070   Data           1  mesn_i2c.o(.data)
    i2cMutex_ID                              0x20000074   Data           4  mesn_i2c.o(.data)
    i2cTxCpltSem_ID                          0x20000078   Data           4  mesn_i2c.o(.data)
    i2cRxCpltSem_ID                          0x2000007c   Data           4  mesn_i2c.o(.data)
    i2cMemReadCpltSem_ID                     0x20000080   Data           4  mesn_i2c.o(.data)
    .data                                    0x20000084   Section       32  lsm6ds3.o(.data)
    .data                                    0x200000a4   Section        4  errno.o(.data)
    _errno                                   0x200000a4   Data           4  errno.o(.data)
    .bss                                     0x200000a8   Section       56  stm32l1xx_hal_timebase_tim.o(.bss)
    .bss                                     0x200000e0   Section      112  freertos.o(.bss)
    .bss                                     0x20000150   Section      220  tasks.o(.bss)
    pxReadyTasksLists                        0x20000150   Data         140  tasks.o(.bss)
    xDelayedTaskList1                        0x200001dc   Data          20  tasks.o(.bss)
    xDelayedTaskList2                        0x200001f0   Data          20  tasks.o(.bss)
    xPendingReadyList                        0x20000204   Data          20  tasks.o(.bss)
    xSuspendedTaskList                       0x20000218   Data          20  tasks.o(.bss)
    .bss                                     0x2000022c   Section     8192  heap_1.o(.bss)
    ucHeap                                   0x2000022c   Data        8192  heap_1.o(.bss)
    .bss                                     0x2000222c   Section       64  mesn_uart_os.o(.bss)
    .bss                                     0x2000226c   Section       84  mesn_i2c.o(.bss)
    i2cCtrl_handle                           0x2000226c   Data          84  mesn_i2c.o(.bss)
    .bss                                     0x200022c0   Section       56  mesn_motordriver_port.o(.bss)
    handle_PWMTim                            0x200022c0   Data          56  mesn_motordriver_port.o(.bss)
    STACK                                    0x200022f8   Section     1024  startup_stm32l152xe.o(STACK)

    Global Symbols

    Symbol Name                              Value     Ov Type        Size  Object(Section)

    BuildAttributes$$THM_ISAv4$P$D$K$B$S$PE$A:L22UL41UL21$X:L11$S22US41US21$IEEE1$IW$USESV6$~STKCKD$USESV7$~SHL$OTIME$ROPI$IEEEX$EBA8$MICROLIB$REQ8$PRES8$EABIv2 0x00000000   Number         0  anon$$obj.o ABSOLUTE
    __ARM_use_no_argv                        0x00000000   Number         0  main.o ABSOLUTE
    _printf_a                                0x00000000   Number         0  stubs.o ABSOLUTE
    _printf_c                                0x00000000   Number         0  stubs.o ABSOLUTE
    _printf_charcount                        0x00000000   Number         0  stubs.o ABSOLUTE
    _printf_d                                0x00000000   Number         0  stubs.o ABSOLUTE
    _printf_e                                0x00000000   Number         0  stubs.o ABSOLUTE
    _printf_f                                0x00000000   Number         0  stubs.o ABSOLUTE
    _printf_flags                            0x00000000   Number         0  stubs.o ABSOLUTE
    _printf_fp_dec                           0x00000000   Number         0  stubs.o ABSOLUTE
    _printf_fp_hex                           0x00000000   Number         0  stubs.o ABSOLUTE
    _printf_g                                0x00000000   Number         0  stubs.o ABSOLUTE
    _printf_i                                0x00000000   Number         0  stubs.o ABSOLUTE
    _printf_int_dec                          0x00000000   Number         0  stubs.o ABSOLUTE
    _printf_l                                0x00000000   Number         0  stubs.o ABSOLUTE
    _printf_lc                               0x00000000   Number         0  stubs.o ABSOLUTE
    _printf_ll                               0x00000000   Number         0  stubs.o ABSOLUTE
    _printf_lld                              0x00000000   Number         0  stubs.o ABSOLUTE
    _printf_lli                              0x00000000   Number         0  stubs.o ABSOLUTE
    _printf_llo                              0x00000000   Number         0  stubs.o ABSOLUTE
    _printf_llu                              0x00000000   Number         0  stubs.o ABSOLUTE
    _printf_llx                              0x00000000   Number         0  stubs.o ABSOLUTE
    _printf_longlong_dec                     0x00000000   Number         0  stubs.o ABSOLUTE
    _printf_longlong_hex                     0x00000000   Number         0  stubs.o ABSOLUTE
    _printf_longlong_oct                     0x00000000   Number         0  stubs.o ABSOLUTE
    _printf_ls                               0x00000000   Number         0  stubs.o ABSOLUTE
    _printf_mbtowc                           0x00000000   Number         0  stubs.o ABSOLUTE
    _printf_n                                0x00000000   Number         0  stubs.o ABSOLUTE
    _printf_o                                0x00000000   Number         0  stubs.o ABSOLUTE
    _printf_p                                0x00000000   Number         0  stubs.o ABSOLUTE
    _printf_percent                          0x00000000   Number         0  stubs.o ABSOLUTE
    _printf_pre_padding                      0x00000000   Number         0  stubs.o ABSOLUTE
    _printf_return_value                     0x00000000   Number         0  stubs.o ABSOLUTE
    _printf_s                                0x00000000   Number         0  stubs.o ABSOLUTE
    _printf_sizespec                         0x00000000   Number         0  stubs.o ABSOLUTE
    _printf_str                              0x00000000   Number         0  stubs.o ABSOLUTE
    _printf_truncate_signed                  0x00000000   Number         0  stubs.o ABSOLUTE
    _printf_truncate_unsigned                0x00000000   Number         0  stubs.o ABSOLUTE
    _printf_u                                0x00000000   Number         0  stubs.o ABSOLUTE
    _printf_wc                               0x00000000   Number         0  stubs.o ABSOLUTE
    _printf_wctomb                           0x00000000   Number         0  stubs.o ABSOLUTE
    _printf_widthprec                        0x00000000   Number         0  stubs.o ABSOLUTE
    _printf_x                                0x00000000   Number         0  stubs.o ABSOLUTE
    __cpp_initialize__aeabi_                  - Undefined Weak Reference
    __cxa_finalize                            - Undefined Weak Reference
    __decompress                              - Undefined Weak Reference
    _clock_init                               - Undefined Weak Reference
    _microlib_exit                            - Undefined Weak Reference
    __Vectors_Size                           0x00000124   Number         0  startup_stm32l152xe.o ABSOLUTE
    __Vectors                                0x08000000   Data           4  startup_stm32l152xe.o(RESET)
    __Vectors_End                            0x08000124   Data           0  startup_stm32l152xe.o(RESET)
    __main                                   0x08000125   Thumb Code     0  entry.o(.ARM.Collect$$$$00000000)
    _main_stk                                0x08000125   Thumb Code     0  entry2.o(.ARM.Collect$$$$00000001)
    _main_scatterload                        0x08000129   Thumb Code     0  entry5.o(.ARM.Collect$$$$00000004)
    __main_after_scatterload                 0x0800012d   Thumb Code     0  entry5.o(.ARM.Collect$$$$00000004)
    _main_clock                              0x0800012d   Thumb Code     0  entry7b.o(.ARM.Collect$$$$00000008)
    _main_cpp_init                           0x0800012d   Thumb Code     0  entry8b.o(.ARM.Collect$$$$0000000A)
    _main_init                               0x0800012d   Thumb Code     0  entry9a.o(.ARM.Collect$$$$0000000B)
    __rt_final_cpp                           0x08000135   Thumb Code     0  entry10a.o(.ARM.Collect$$$$0000000D)
    __rt_final_exit                          0x08000135   Thumb Code     0  entry11a.o(.ARM.Collect$$$$0000000F)
    SVC_Handler                              0x08000139   Thumb Code    32  port.o(.emb_text)
    __asm___6_port_c_39a90d8d__prvStartFirstTask 0x0800015d   Thumb Code    28  port.o(.emb_text)
    PendSV_Handler                           0x0800017d   Thumb Code    72  port.o(.emb_text)
    vPortGetIPSR                             0x080001c9   Thumb Code     6  port.o(.emb_text)
    Reset_Handler                            0x080001d1   Thumb Code     8  startup_stm32l152xe.o(.text)
    ADC1_IRQHandler                          0x080001eb   Thumb Code     0  startup_stm32l152xe.o(.text)
    COMP_ACQ_IRQHandler                      0x080001eb   Thumb Code     0  startup_stm32l152xe.o(.text)
    COMP_IRQHandler                          0x080001eb   Thumb Code     0  startup_stm32l152xe.o(.text)
    DAC_IRQHandler                           0x080001eb   Thumb Code     0  startup_stm32l152xe.o(.text)
    DMA1_Channel1_IRQHandler                 0x080001eb   Thumb Code     0  startup_stm32l152xe.o(.text)
    DMA1_Channel2_IRQHandler                 0x080001eb   Thumb Code     0  startup_stm32l152xe.o(.text)
    DMA1_Channel3_IRQHandler                 0x080001eb   Thumb Code     0  startup_stm32l152xe.o(.text)
    DMA1_Channel4_IRQHandler                 0x080001eb   Thumb Code     0  startup_stm32l152xe.o(.text)
    DMA1_Channel5_IRQHandler                 0x080001eb   Thumb Code     0  startup_stm32l152xe.o(.text)
    DMA1_Channel6_IRQHandler                 0x080001eb   Thumb Code     0  startup_stm32l152xe.o(.text)
    DMA1_Channel7_IRQHandler                 0x080001eb   Thumb Code     0  startup_stm32l152xe.o(.text)
    DMA2_Channel1_IRQHandler                 0x080001eb   Thumb Code     0  startup_stm32l152xe.o(.text)
    DMA2_Channel2_IRQHandler                 0x080001eb   Thumb Code     0  startup_stm32l152xe.o(.text)
    DMA2_Channel3_IRQHandler                 0x080001eb   Thumb Code     0  startup_stm32l152xe.o(.text)
    DMA2_Channel4_IRQHandler                 0x080001eb   Thumb Code     0  startup_stm32l152xe.o(.text)
    DMA2_Channel5_IRQHandler                 0x080001eb   Thumb Code     0  startup_stm32l152xe.o(.text)
    EXTI0_IRQHandler                         0x080001eb   Thumb Code     0  startup_stm32l152xe.o(.text)
    EXTI15_10_IRQHandler                     0x080001eb   Thumb Code     0  startup_stm32l152xe.o(.text)
    EXTI1_IRQHandler                         0x080001eb   Thumb Code     0  startup_stm32l152xe.o(.text)
    EXTI2_IRQHandler                         0x080001eb   Thumb Code     0  startup_stm32l152xe.o(.text)
    EXTI3_IRQHandler                         0x080001eb   Thumb Code     0  startup_stm32l152xe.o(.text)
    EXTI4_IRQHandler                         0x080001eb   Thumb Code     0  startup_stm32l152xe.o(.text)
    EXTI9_5_IRQHandler                       0x080001eb   Thumb Code     0  startup_stm32l152xe.o(.text)
    FLASH_IRQHandler                         0x080001eb   Thumb Code     0  startup_stm32l152xe.o(.text)
    I2C1_ER_IRQHandler                       0x080001eb   Thumb Code     0  startup_stm32l152xe.o(.text)
    I2C1_EV_IRQHandler                       0x080001eb   Thumb Code     0  startup_stm32l152xe.o(.text)
    LCD_IRQHandler                           0x080001eb   Thumb Code     0  startup_stm32l152xe.o(.text)
    PVD_IRQHandler                           0x080001eb   Thumb Code     0  startup_stm32l152xe.o(.text)
    RCC_IRQHandler                           0x080001eb   Thumb Code     0  startup_stm32l152xe.o(.text)
    RTC_Alarm_IRQHandler                     0x080001eb   Thumb Code     0  startup_stm32l152xe.o(.text)
    RTC_WKUP_IRQHandler                      0x080001eb   Thumb Code     0  startup_stm32l152xe.o(.text)
    SPI1_IRQHandler                          0x080001eb   Thumb Code     0  startup_stm32l152xe.o(.text)
    SPI2_IRQHandler                          0x080001eb   Thumb Code     0  startup_stm32l152xe.o(.text)
    SPI3_IRQHandler                          0x080001eb   Thumb Code     0  startup_stm32l152xe.o(.text)
    TAMPER_STAMP_IRQHandler                  0x080001eb   Thumb Code     0  startup_stm32l152xe.o(.text)
    TIM10_IRQHandler                         0x080001eb   Thumb Code     0  startup_stm32l152xe.o(.text)
    TIM11_IRQHandler                         0x080001eb   Thumb Code     0  startup_stm32l152xe.o(.text)
    TIM2_IRQHandler                          0x080001eb   Thumb Code     0  startup_stm32l152xe.o(.text)
    TIM3_IRQHandler                          0x080001eb   Thumb Code     0  startup_stm32l152xe.o(.text)
    TIM4_IRQHandler                          0x080001eb   Thumb Code     0  startup_stm32l152xe.o(.text)
    TIM5_IRQHandler                          0x080001eb   Thumb Code     0  startup_stm32l152xe.o(.text)
    TIM7_IRQHandler                          0x080001eb   Thumb Code     0  startup_stm32l152xe.o(.text)
    TIM9_IRQHandler                          0x080001eb   Thumb Code     0  startup_stm32l152xe.o(.text)
    UART4_IRQHandler                         0x080001eb   Thumb Code     0  startup_stm32l152xe.o(.text)
    UART5_IRQHandler                         0x080001eb   Thumb Code     0  startup_stm32l152xe.o(.text)
    USART1_IRQHandler                        0x080001eb   Thumb Code     0  startup_stm32l152xe.o(.text)
    USART2_IRQHandler                        0x080001eb   Thumb Code     0  startup_stm32l152xe.o(.text)
    USB_FS_WKUP_IRQHandler                   0x080001eb   Thumb Code     0  startup_stm32l152xe.o(.text)
    USB_HP_IRQHandler                        0x080001eb   Thumb Code     0  startup_stm32l152xe.o(.text)
    USB_LP_IRQHandler                        0x080001eb   Thumb Code     0  startup_stm32l152xe.o(.text)
    WWDG_IRQHandler                          0x080001eb   Thumb Code     0  startup_stm32l152xe.o(.text)
    __aeabi_memcpy                           0x080001f5   Thumb Code    36  memcpya.o(.text)
    __aeabi_memcpy4                          0x080001f5   Thumb Code     0  memcpya.o(.text)
    __aeabi_memcpy8                          0x080001f5   Thumb Code     0  memcpya.o(.text)
    __aeabi_memset                           0x08000219   Thumb Code    14  memseta.o(.text)
    __aeabi_memset4                          0x08000219   Thumb Code     0  memseta.o(.text)
    __aeabi_memset8                          0x08000219   Thumb Code     0  memseta.o(.text)
    __aeabi_memclr                           0x08000227   Thumb Code     4  memseta.o(.text)
    __aeabi_memclr4                          0x08000227   Thumb Code     0  memseta.o(.text)
    __aeabi_memclr8                          0x08000227   Thumb Code     0  memseta.o(.text)
    _memset$wrapper                          0x0800022b   Thumb Code    18  memseta.o(.text)
    strncmp                                  0x0800023d   Thumb Code    30  strncmp.o(.text)
    __aeabi_fadd                             0x0800025b   Thumb Code   164  fadd.o(.text)
    __aeabi_fsub                             0x080002ff   Thumb Code     6  fadd.o(.text)
    __aeabi_frsub                            0x08000305   Thumb Code     6  fadd.o(.text)
    __aeabi_fmul                             0x0800030b   Thumb Code   100  fmul.o(.text)
    __aeabi_fdiv                             0x0800036f   Thumb Code   124  fdiv.o(.text)
    __aeabi_dmul                             0x080003eb   Thumb Code   228  dmul.o(.text)
    __aeabi_ddiv                             0x080004cf   Thumb Code   222  ddiv.o(.text)
    __aeabi_i2f                              0x080005ad   Thumb Code    18  fflti.o(.text)
    __aeabi_ui2f                             0x080005bf   Thumb Code    10  ffltui.o(.text)
    __aeabi_f2iz                             0x080005c9   Thumb Code    50  ffixi.o(.text)
    __aeabi_f2d                              0x080005fb   Thumb Code    38  f2d.o(.text)
    __aeabi_d2f                              0x08000621   Thumb Code    56  d2f.o(.text)
    __aeabi_uidiv                            0x08000659   Thumb Code     0  uidiv.o(.text)
    __aeabi_uidivmod                         0x08000659   Thumb Code    44  uidiv.o(.text)
    __I$use$fp                               0x08000685   Thumb Code     0  iusefp.o(.text)
    _float_round                             0x08000685   Thumb Code    18  fepilogue.o(.text)
    _float_epilogue                          0x08000697   Thumb Code    92  fepilogue.o(.text)
    _double_round                            0x080006f3   Thumb Code    30  depilogue.o(.text)
    _double_epilogue                         0x08000711   Thumb Code   156  depilogue.o(.text)
    __aeabi_dadd                             0x080007ad   Thumb Code   322  dadd.o(.text)
    __aeabi_dsub                             0x080008ef   Thumb Code     6  dadd.o(.text)
    __aeabi_drsub                            0x080008f5   Thumb Code     6  dadd.o(.text)
    __ARM_scalbn                             0x080008fb   Thumb Code    46  dscalb.o(.text)
    scalbn                                   0x080008fb   Thumb Code     0  dscalb.o(.text)
    __scatterload                            0x08000929   Thumb Code    28  init.o(.text)
    __scatterload_rt2                        0x08000929   Thumb Code     0  init.o(.text)
    __aeabi_llsl                             0x0800094d   Thumb Code    30  llshl.o(.text)
    _ll_shift_l                              0x0800094d   Thumb Code     0  llshl.o(.text)
    __aeabi_llsr                             0x0800096b   Thumb Code    32  llushr.o(.text)
    _ll_ushift_r                             0x0800096b   Thumb Code     0  llushr.o(.text)
    __aeabi_lasr                             0x0800098b   Thumb Code    36  llsshr.o(.text)
    _ll_sshift_r                             0x0800098b   Thumb Code     0  llsshr.o(.text)
    _dsqrt                                   0x080009af   Thumb Code   162  dsqrt.o(.text)
    BusFault_Handler                         0x08000a51   Thumb Code     2  stm32l1xx_it.o(i.BusFault_Handler)
    DebugMon_Handler                         0x08000a53   Thumb Code     2  stm32l1xx_it.o(i.DebugMon_Handler)
    HAL_DMA_Abort_IT                         0x08000a55   Thumb Code    74  stm32l1xx_hal_dma.o(i.HAL_DMA_Abort_IT)
    HAL_Delay                                0x08000a9f   Thumb Code    22  stm32l1xx_hal.o(i.HAL_Delay)
    HAL_GPIO_Init                            0x08000ab5   Thumb Code   392  stm32l1xx_hal_gpio.o(i.HAL_GPIO_Init)
    HAL_GPIO_WritePin                        0x08000c65   Thumb Code    10  stm32l1xx_hal_gpio.o(i.HAL_GPIO_WritePin)
    HAL_GetTick                              0x08000c71   Thumb Code     6  stm32l1xx_hal.o(i.HAL_GetTick)
    HAL_I2C_AbortCpltCallback                0x08000c7d   Thumb Code     2  stm32l1xx_hal_i2c.o(i.HAL_I2C_AbortCpltCallback)
    HAL_I2C_AddrCallback                     0x08000c7f   Thumb Code     2  stm32l1xx_hal_i2c.o(i.HAL_I2C_AddrCallback)
    HAL_I2C_ER_IRQHandler                    0x08000c81   Thumb Code   200  stm32l1xx_hal_i2c.o(i.HAL_I2C_ER_IRQHandler)
    HAL_I2C_EV_IRQHandler                    0x08000d4d   Thumb Code   494  stm32l1xx_hal_i2c.o(i.HAL_I2C_EV_IRQHandler)
    HAL_I2C_ErrorCallback                    0x08000f41   Thumb Code    48  mesn_i2c.o(i.HAL_I2C_ErrorCallback)
    HAL_I2C_Init                             0x08000f79   Thumb Code   312  stm32l1xx_hal_i2c.o(i.HAL_I2C_Init)
    HAL_I2C_ListenCpltCallback               0x080010bd   Thumb Code     2  stm32l1xx_hal_i2c.o(i.HAL_I2C_ListenCpltCallback)
    HAL_I2C_MasterRxCpltCallback             0x080010c1   Thumb Code     8  mesn_i2c.o(i.HAL_I2C_MasterRxCpltCallback)
    HAL_I2C_MasterTxCpltCallback             0x080010cd   Thumb Code     8  mesn_i2c.o(i.HAL_I2C_MasterTxCpltCallback)
    HAL_I2C_Master_Transmit_IT               0x080010d9   Thumb Code   170  stm32l1xx_hal_i2c.o(i.HAL_I2C_Master_Transmit_IT)
    HAL_I2C_MemRxCpltCallback                0x0800118d   Thumb Code     8  mesn_i2c.o(i.HAL_I2C_MemRxCpltCallback)
    HAL_I2C_MemTxCpltCallback                0x08001199   Thumb Code     2  stm32l1xx_hal_i2c.o(i.HAL_I2C_MemTxCpltCallback)
    HAL_I2C_Mem_Read_IT                      0x0800119d   Thumb Code   268  stm32l1xx_hal_i2c.o(i.HAL_I2C_Mem_Read_IT)
    HAL_I2C_MspInit                          0x080012ad   Thumb Code    96  mesn_i2c.o(i.HAL_I2C_MspInit)
    HAL_I2C_SlaveRxCpltCallback              0x08001319   Thumb Code     2  stm32l1xx_hal_i2c.o(i.HAL_I2C_SlaveRxCpltCallback)
    HAL_I2C_SlaveTxCpltCallback              0x0800131b   Thumb Code     2  stm32l1xx_hal_i2c.o(i.HAL_I2C_SlaveTxCpltCallback)
    HAL_IncTick                              0x0800131d   Thumb Code    10  stm32l1xx_hal.o(i.HAL_IncTick)
    HAL_Init                                 0x0800132d   Thumb Code    22  stm32l1xx_hal.o(i.HAL_Init)
    HAL_InitTick                             0x08001345   Thumb Code    98  stm32l1xx_hal_timebase_tim.o(i.HAL_InitTick)
    HAL_MspInit                              0x080013b9   Thumb Code   140  stm32l1xx_hal_msp.o(i.HAL_MspInit)
    HAL_NVIC_EnableIRQ                       0x08001449   Thumb Code    22  stm32l1xx_hal_cortex.o(i.HAL_NVIC_EnableIRQ)
    HAL_NVIC_SetPriority                     0x08001461   Thumb Code    60  stm32l1xx_hal_cortex.o(i.HAL_NVIC_SetPriority)
    HAL_NVIC_SetPriorityGrouping             0x080014a1   Thumb Code    26  stm32l1xx_hal_cortex.o(i.HAL_NVIC_SetPriorityGrouping)
    HAL_RCC_ClockConfig                      0x080014c5   Thumb Code   450  stm32l1xx_hal_rcc.o(i.HAL_RCC_ClockConfig)
    HAL_RCC_GetClockConfig                   0x08001699   Thumb Code    54  stm32l1xx_hal_rcc.o(i.HAL_RCC_GetClockConfig)
    HAL_RCC_GetHCLKFreq                      0x080016d9   Thumb Code     6  stm32l1xx_hal_rcc.o(i.HAL_RCC_GetHCLKFreq)
    HAL_RCC_GetPCLK1Freq                     0x080016e5   Thumb Code    34  stm32l1xx_hal_rcc.o(i.HAL_RCC_GetPCLK1Freq)
    HAL_RCC_GetPCLK2Freq                     0x08001715   Thumb Code    34  stm32l1xx_hal_rcc.o(i.HAL_RCC_GetPCLK2Freq)
    HAL_RCC_GetSysClockFreq                  0x08001745   Thumb Code   122  stm32l1xx_hal_rcc.o(i.HAL_RCC_GetSysClockFreq)
    HAL_RCC_OscConfig                        0x080017d1   Thumb Code  1860  stm32l1xx_hal_rcc.o(i.HAL_RCC_OscConfig)
    HAL_SYSTICK_CLKSourceConfig              0x08001f21   Thumb Code    24  stm32l1xx_hal_cortex.o(i.HAL_SYSTICK_CLKSourceConfig)
    HAL_SYSTICK_Config                       0x08001f39   Thumb Code    40  stm32l1xx_hal_cortex.o(i.HAL_SYSTICK_Config)
    HAL_TIM_Base_Init                        0x08001f61   Thumb Code    54  stm32l1xx_hal_tim.o(i.HAL_TIM_Base_Init)
    HAL_TIM_Base_MspInit                     0x08001f97   Thumb Code     2  stm32l1xx_hal_tim.o(i.HAL_TIM_Base_MspInit)
    HAL_TIM_Base_Start_IT                    0x08001f99   Thumb Code    24  stm32l1xx_hal_tim.o(i.HAL_TIM_Base_Start_IT)
    HAL_TIM_ConfigClockSource                0x08001fb1   Thumb Code   242  stm32l1xx_hal_tim.o(i.HAL_TIM_ConfigClockSource)
    HAL_TIM_IC_CaptureCallback               0x080020a3   Thumb Code     2  stm32l1xx_hal_tim.o(i.HAL_TIM_IC_CaptureCallback)
    HAL_TIM_IRQHandler                       0x080020a5   Thumb Code   294  stm32l1xx_hal_tim.o(i.HAL_TIM_IRQHandler)
    HAL_TIM_OC_DelayElapsedCallback          0x080021cb   Thumb Code     2  stm32l1xx_hal_tim.o(i.HAL_TIM_OC_DelayElapsedCallback)
    HAL_TIM_PWM_ConfigChannel                0x080021cd   Thumb Code   208  stm32l1xx_hal_tim.o(i.HAL_TIM_PWM_ConfigChannel)
    HAL_TIM_PWM_Init                         0x0800229d   Thumb Code    54  stm32l1xx_hal_tim.o(i.HAL_TIM_PWM_Init)
    HAL_TIM_PWM_MspInit                      0x080022d3   Thumb Code     2  stm32l1xx_hal_tim.o(i.HAL_TIM_PWM_MspInit)
    HAL_TIM_PWM_PulseFinishedCallback        0x080022d5   Thumb Code     2  stm32l1xx_hal_tim.o(i.HAL_TIM_PWM_PulseFinishedCallback)
    HAL_TIM_PWM_Start                        0x080022d7   Thumb Code    26  stm32l1xx_hal_tim.o(i.HAL_TIM_PWM_Start)
    HAL_TIM_PeriodElapsedCallback            0x080022f1   Thumb Code    14  main.o(i.HAL_TIM_PeriodElapsedCallback)
    HAL_TIM_TriggerCallback                  0x08002305   Thumb Code     2  stm32l1xx_hal_tim.o(i.HAL_TIM_TriggerCallback)
    HAL_UART_Init                            0x08002307   Thumb Code    94  stm32l1xx_hal_uart.o(i.HAL_UART_Init)
    HAL_UART_MspInit                         0x08002365   Thumb Code    80  mesn_uart_os.o(i.HAL_UART_MspInit)
    HardFault_Handler                        0x080023c1   Thumb Code     2  stm32l1xx_it.o(i.HardFault_Handler)
    I2C2_ER_IRQHandler                       0x080023c5   Thumb Code     6  mesn_i2c.o(i.I2C2_ER_IRQHandler)
    I2C2_EV_IRQHandler                       0x080023d1   Thumb Code     6  mesn_i2c.o(i.I2C2_EV_IRQHandler)
    LSM6DS3Core_beginCore                    0x08002d23   Thumb Code    44  lsm6ds3_port.o(i.LSM6DS3Core_beginCore)
    LSM6DS3Core_readRegister                 0x08002d4f   Thumb Code    24  lsm6ds3_port.o(i.LSM6DS3Core_readRegister)
    LSM6DS3Core_readRegisterInt16            0x08002d67   Thumb Code    20  lsm6ds3_port.o(i.LSM6DS3Core_readRegisterInt16)
    LSM6DS3Core_readRegisterRegion           0x08002d7b   Thumb Code    24  lsm6ds3_port.o(i.LSM6DS3Core_readRegisterRegion)
    LSM6DS3Core_writeRegister                0x08002d93   Thumb Code    26  lsm6ds3_port.o(i.LSM6DS3Core_writeRegister)
    LSM6DS3_begin                            0x08002dad   Thumb Code    56  lsm6ds3.o(i.LSM6DS3_begin)
    LSM6DS3_begin_accel                      0x08002de9   Thumb Code   334  lsm6ds3.o(i.LSM6DS3_begin_accel)
    LSM6DS3_begin_gyro                       0x08002f3d   Thumb Code   136  lsm6ds3.o(i.LSM6DS3_begin_gyro)
    LSM6DS3_calcAccel                        0x08002fc9   Thumb Code    26  lsm6ds3.o(i.LSM6DS3_calcAccel)
    LSM6DS3_calcGyro                         0x08002fe9   Thumb Code    36  lsm6ds3.o(i.LSM6DS3_calcGyro)
    LSM6DS3_readMdpsGyroY                    0x08003011   Thumb Code    28  lsm6ds3.o(i.LSM6DS3_readMdpsGyroY)
    LSM6DS3_readMgAccelX                     0x0800302d   Thumb Code    28  lsm6ds3.o(i.LSM6DS3_readMgAccelX)
    LSM6DS3_readRawAccelX                    0x08003049   Thumb Code     6  lsm6ds3.o(i.LSM6DS3_readRawAccelX)
    LSM6DS3_readRawGyroY                     0x0800304f   Thumb Code     6  lsm6ds3.o(i.LSM6DS3_readRawGyroY)
    MX_FREERTOS_Init                         0x08003055   Thumb Code   130  freertos.o(i.MX_FREERTOS_Init)
    MX_GPIO_Init                             0x080030e5   Thumb Code   150  gpio.o(i.MX_GPIO_Init)
    MeSN_I2C_Init                            0x08003191   Thumb Code   134  mesn_i2c.o(i.MeSN_I2C_Init)
    MeSN_I2C_RegisterRead                    0x08003229   Thumb Code    92  mesn_i2c.o(i.MeSN_I2C_RegisterRead)
    MeSN_I2C_Write                           0x0800328d   Thumb Code    82  mesn_i2c.o(i.MeSN_I2C_Write)
    MeSN_MotorDriver_Init                    0x08003333   Thumb Code    14  mesn_motordriver.o(i.MeSN_MotorDriver_Init)
    MeSN_MotorDriver_Move                    0x08003341   Thumb Code    56  mesn_motordriver.o(i.MeSN_MotorDriver_Move)
    MeSN_UART_Init                           0x08003379   Thumb Code    70  mesn_uart_os.o(i.MeSN_UART_Init)
    MeSN_Uart_GetString                      0x080033fd   Thumb Code    36  mesn_uart_os.o(i.MeSN_Uart_GetString)
    MeSN_Uart_PutString_Poll                 0x08003421   Thumb Code    48  mesn_uart_os.o(i.MeSN_Uart_PutString_Poll)
    MemManage_Handler                        0x08003459   Thumb Code     2  stm32l1xx_it.o(i.MemManage_Handler)
    MotorDriver_Port_GPIO_Init               0x0800345d   Thumb Code    62  mesn_motordriver_port.o(i.MotorDriver_Port_GPIO_Init)
    MotorDriver_Port_PWM_Init                0x080034a5   Thumb Code   188  mesn_motordriver_port.o(i.MotorDriver_Port_PWM_Init)
    MotorDriver_Port_SetPWM                  0x080035a5   Thumb Code    14  mesn_motordriver_port.o(i.MotorDriver_Port_SetPWM)
    MotorDriver_Port_SetPin_IN1              0x080035b9   Thumb Code    20  mesn_motordriver_port.o(i.MotorDriver_Port_SetPin_IN1)
    MotorDriver_Port_SetPin_IN2              0x080035d1   Thumb Code    20  mesn_motordriver_port.o(i.MotorDriver_Port_SetPin_IN2)
    NMI_Handler                              0x080035e9   Thumb Code     2  stm32l1xx_it.o(i.NMI_Handler)
    SysTick_Handler                          0x0800368d   Thumb Code     4  stm32l1xx_it.o(i.SysTick_Handler)
    SystemClock_Config                       0x08003691   Thumb Code   116  main.o(i.SystemClock_Config)
    SystemInit                               0x08003709   Thumb Code    62  system_stm32l1xx.o(i.SystemInit)
    TIM6_IRQHandler                          0x08003759   Thumb Code     6  stm32l1xx_it.o(i.TIM6_IRQHandler)
    Task_enreg                               0x0800391d   Thumb Code   180  freertos.o(i.Task_enreg)
    Task_regu                                0x080039e1   Thumb Code    92  freertos.o(i.Task_regu)
    Task_uart                                0x08003a41   Thumb Code   274  freertos.o(i.Task_uart)
    USART3_IRQHandler                        0x08003e55   Thumb Code    26  mesn_uart_os.o(i.USART3_IRQHandler)
    UsageFault_Handler                       0x08003e79   Thumb Code     2  stm32l1xx_it.o(i.UsageFault_Handler)
    _Error_Handler                           0x08003e7b   Thumb Code     2  main.o(i._Error_Handler)
    __0sprintf$1                             0x08003e7d   Thumb Code    34  printf1.o(i.__0sprintf$1)
    __1sprintf$1                             0x08003e7d   Thumb Code     0  printf1.o(i.__0sprintf$1)
    __2sprintf                               0x08003e7d   Thumb Code     0  printf1.o(i.__0sprintf$1)
    __ARM_fpclassify                         0x08003ea5   Thumb Code    40  fpclassify.o(i.__ARM_fpclassify)
    __kernel_poly                            0x08003ecd   Thumb Code   170  poly.o(i.__kernel_poly)
    __mathlib_dbl_infnan                     0x08003f77   Thumb Code     6  dunder.o(i.__mathlib_dbl_infnan)
    __mathlib_dbl_invalid                    0x08003f7d   Thumb Code    12  dunder.o(i.__mathlib_dbl_invalid)
    __mathlib_dbl_underflow                  0x08003f89   Thumb Code    10  dunder.o(i.__mathlib_dbl_underflow)
    __scatterload_copy                       0x08003f99   Thumb Code    14  handlers.o(i.__scatterload_copy)
    __scatterload_null                       0x08003fa7   Thumb Code     2  handlers.o(i.__scatterload_null)
    __scatterload_zeroinit                   0x08003fa9   Thumb Code    14  handlers.o(i.__scatterload_zeroinit)
    __set_errno                              0x08003fb9   Thumb Code     6  errno.o(i.__set_errno)
    asin                                     0x08004125   Thumb Code   572  asin.o(i.asin)
    autoAlgo_angleObs                        0x08004395   Thumb Code   110  regulation.o(i.autoAlgo_angleObs)
    autoAlgo_commandLaw                      0x08004411   Thumb Code   108  regulation.o(i.autoAlgo_commandLaw)
    help                                     0x0800448d   Thumb Code    18  freertos.o(i.help)
    interfaceAffichage                       0x080044e1   Thumb Code    42  freertos.o(i.interfaceAffichage)
    main                                     0x0800457d   Thumb Code    50  main.o(i.main)
    osDelay                                  0x0800463d   Thumb Code    14  cmsis_os.o(i.osDelay)
    osDelayUntil                             0x0800464b   Thumb Code    14  cmsis_os.o(i.osDelayUntil)
    osKernelStart                            0x08004659   Thumb Code    10  cmsis_os.o(i.osKernelStart)
    osKernelSysTick                          0x08004663   Thumb Code    24  cmsis_os.o(i.osKernelSysTick)
    osMessageCreate                          0x0800467b   Thumb Code     8  cmsis_os.o(i.osMessageCreate)
    osMessageGet                             0x08004685   Thumb Code   146  cmsis_os.o(i.osMessageGet)
    osMessagePut                             0x0800471d   Thumb Code    86  cmsis_os.o(i.osMessagePut)
    osMutexCreate                            0x08004779   Thumb Code     6  cmsis_os.o(i.osMutexCreate)
    osMutexRelease                           0x08004781   Thumb Code    74  cmsis_os.o(i.osMutexRelease)
    osMutexWait                              0x080047d1   Thumb Code   100  cmsis_os.o(i.osMutexWait)
    osSemaphoreCreate                        0x08004839   Thumb Code    38  cmsis_os.o(i.osSemaphoreCreate)
    osSemaphoreRelease                       0x08004861   Thumb Code    74  cmsis_os.o(i.osSemaphoreRelease)
    osSemaphoreWait                          0x080048b1   Thumb Code   100  cmsis_os.o(i.osSemaphoreWait)
    osSystickHandler                         0x08004919   Thumb Code    20  cmsis_os.o(i.osSystickHandler)
    osThreadCreate                           0x0800492d   Thumb Code    48  cmsis_os.o(i.osThreadCreate)
    pvPortMalloc                             0x08004cb9   Thumb Code    80  heap_1.o(i.pvPortMalloc)
    pvTaskIncrementMutexHeldCount            0x08004d11   Thumb Code    18  tasks.o(i.pvTaskIncrementMutexHeldCount)
    pxPortInitialiseStack                    0x08004d29   Thumb Code    32  port.o(i.pxPortInitialiseStack)
    sqrt                                     0x08004d4d   Thumb Code    76  sqrt.o(i.sqrt)
    uxListRemove                             0x08004d99   Thumb Code    36  list.o(i.uxListRemove)
    vApplicationMallocFailedHook             0x08004dbd   Thumb Code     2  freertos.o(i.vApplicationMallocFailedHook)
    vApplicationStackOverflowHook            0x08004dbf   Thumb Code     2  freertos.o(i.vApplicationStackOverflowHook)
    vListInitialise                          0x08004dc1   Thumb Code    22  list.o(i.vListInitialise)
    vListInitialiseItem                      0x08004dd7   Thumb Code     6  list.o(i.vListInitialiseItem)
    vListInsert                              0x08004ddd   Thumb Code    48  list.o(i.vListInsert)
    vListInsertEnd                           0x08004e0d   Thumb Code    24  list.o(i.vListInsertEnd)
    vPortEnterCritical                       0x08004e25   Thumb Code    54  port.o(i.vPortEnterCritical)
    vPortExitCritical                        0x08004e65   Thumb Code    34  port.o(i.vPortExitCritical)
    vPortFree                                0x08004e8d   Thumb Code    22  heap_1.o(i.vPortFree)
    vPortSetupTimerInterrupt                 0x08004ea5   Thumb Code    26  port.o(i.vPortSetupTimerInterrupt)
    vPortValidateInterruptPriority           0x08004ec5   Thumb Code    74  port.o(i.vPortValidateInterruptPriority)
    vTaskDelay                               0x08004f19   Thumb Code    66  tasks.o(i.vTaskDelay)
    vTaskDelayUntil                          0x08004f65   Thumb Code   132  tasks.o(i.vTaskDelayUntil)
    vTaskMissedYield                         0x08004ff1   Thumb Code     8  tasks.o(i.vTaskMissedYield)
    vTaskPlaceOnEventList                    0x08004ffd   Thumb Code    44  tasks.o(i.vTaskPlaceOnEventList)
    vTaskPriorityInherit                     0x0800502d   Thumb Code   124  tasks.o(i.vTaskPriorityInherit)
    vTaskSetTimeOutState                     0x080050b1   Thumb Code    30  tasks.o(i.vTaskSetTimeOutState)
    vTaskStartScheduler                      0x080050d5   Thumb Code    88  tasks.o(i.vTaskStartScheduler)
    vTaskSuspendAll                          0x0800513d   Thumb Code    10  tasks.o(i.vTaskSuspendAll)
    vTaskSwitchContext                       0x0800514d   Thumb Code   106  tasks.o(i.vTaskSwitchContext)
    xPortStartScheduler                      0x080051c1   Thumb Code   102  port.o(i.xPortStartScheduler)
    xPortSysTickHandler                      0x08005235   Thumb Code    38  port.o(i.xPortSysTickHandler)
    xQueueCreateMutex                        0x08005261   Thumb Code    36  queue.o(i.xQueueCreateMutex)
    xQueueGenericCreate                      0x08005285   Thumb Code    82  queue.o(i.xQueueGenericCreate)
    xQueueGenericReceive                     0x080052d9   Thumb Code   360  queue.o(i.xQueueGenericReceive)
    xQueueGenericReset                       0x08005445   Thumb Code   132  queue.o(i.xQueueGenericReset)
    xQueueGenericSend                        0x080054cd   Thumb Code   346  queue.o(i.xQueueGenericSend)
    xQueueGenericSendFromISR                 0x0800562d   Thumb Code   188  queue.o(i.xQueueGenericSendFromISR)
    xQueueGiveFromISR                        0x080056e9   Thumb Code   156  queue.o(i.xQueueGiveFromISR)
    xQueueReceiveFromISR                     0x08005785   Thumb Code   154  queue.o(i.xQueueReceiveFromISR)
    xTaskCheckForTimeOut                     0x08005821   Thumb Code   102  tasks.o(i.xTaskCheckForTimeOut)
    xTaskCreate                              0x0800588d   Thumb Code    86  tasks.o(i.xTaskCreate)
    xTaskGetSchedulerState                   0x080058e5   Thumb Code    22  tasks.o(i.xTaskGetSchedulerState)
    xTaskGetTickCount                        0x08005901   Thumb Code     6  tasks.o(i.xTaskGetTickCount)
    xTaskGetTickCountFromISR                 0x0800590d   Thumb Code    12  tasks.o(i.xTaskGetTickCountFromISR)
    xTaskIncrementTick                       0x0800591d   Thumb Code   192  tasks.o(i.xTaskIncrementTick)
    xTaskPriorityDisinherit                  0x080059e5   Thumb Code   144  tasks.o(i.xTaskPriorityDisinherit)
    xTaskRemoveFromEventList                 0x08005a7d   Thumb Code   108  tasks.o(i.xTaskRemoveFromEventList)
    xTaskResumeAll                           0x08005af1   Thumb Code   182  tasks.o(i.xTaskResumeAll)
    os_messageQ_def_angle_Q                  0x08005bb4   Data           8  freertos.o(.constdata)
    os_messageQ_def_Queue_courante           0x08005bbc   Data           8  freertos.o(.constdata)
    PLLMulTable                              0x08005c00   Data           9  system_stm32l1xx.o(.constdata)
    AHBPrescTable                            0x08005c09   Data          16  system_stm32l1xx.o(.constdata)
    APBPrescTable                            0x08005c19   Data           8  system_stm32l1xx.o(.constdata)
    Region$$Table$$Base                      0x08005d30   Number         0  anon$$obj.o(Region$$Table)
    Region$$Table$$Limit                     0x08005d50   Number         0  anon$$obj.o(Region$$Table)
    uwTick                                   0x20000000   Data           4  stm32l1xx_hal.o(.data)
    Accel_gyro                               0x20000004   Data           1  freertos.o(.data)
    angle_Q_ID                               0x20000008   Data           4  freertos.o(.data)
    Queue_courante                           0x2000000c   Data           4  freertos.o(.data)
    Mutex_GPIOB                              0x20000010   Data           4  freertos.o(.data)
    Mutex_tableau                            0x20000014   Data           4  freertos.o(.data)
    SystemCoreClock                          0x20000018   Data           4  system_stm32l1xx.o(.data)
    pxCurrentTCB                             0x2000001c   Data           4  tasks.o(.data)
    LSM6DS3_settings                         0x20000084   Data          32  lsm6ds3.o(.data)
    htim6                                    0x200000a8   Data          56  stm32l1xx_hal_timebase_tim.o(.bss)
    tab_angle                                0x200000e0   Data         112  freertos.o(.bss)
    handle_uart                              0x2000222c   Data          64  mesn_uart_os.o(.bss)
    __initial_sp                             0x200026f8   Data           0  startup_stm32l152xe.o(STACK)



==============================================================================

Memory Map of the image

  Image Entry point : 0x08000125

  Load Region LR_IROM1 (Base: 0x08000000, Size: 0x00005df8, Max: 0x00080000, ABSOLUTE)

    Execution Region ER_IROM1 (Exec base: 0x08000000, Load base: 0x08000000, Size: 0x00005d50, Max: 0x00080000, ABSOLUTE)

    Exec Addr    Load Addr    Size         Type   Attr      Idx    E Section Name        Object

    0x08000000   0x08000000   0x00000124   Data   RO            3    RESET               startup_stm32l152xe.o
    0x08000124   0x08000124   0x00000000   Code   RO         4504  * .ARM.Collect$$$$00000000  mc_w.l(entry.o)
    0x08000124   0x08000124   0x00000004   Code   RO         4824    .ARM.Collect$$$$00000001  mc_w.l(entry2.o)
    0x08000128   0x08000128   0x00000004   Code   RO         4827    .ARM.Collect$$$$00000004  mc_w.l(entry5.o)
    0x0800012c   0x0800012c   0x00000000   Code   RO         4829    .ARM.Collect$$$$00000008  mc_w.l(entry7b.o)
    0x0800012c   0x0800012c   0x00000000   Code   RO         4831    .ARM.Collect$$$$0000000A  mc_w.l(entry8b.o)
    0x0800012c   0x0800012c   0x00000008   Code   RO         4832    .ARM.Collect$$$$0000000B  mc_w.l(entry9a.o)
    0x08000134   0x08000134   0x00000000   Code   RO         4834    .ARM.Collect$$$$0000000D  mc_w.l(entry10a.o)
    0x08000134   0x08000134   0x00000000   Code   RO         4836    .ARM.Collect$$$$0000000F  mc_w.l(entry11a.o)
    0x08000134   0x08000134   0x00000004   Code   RO         4825    .ARM.Collect$$$$00002712  mc_w.l(entry2.o)
    0x08000138   0x08000138   0x00000096   Code   RO         3313    .emb_text           port.o
    0x080001ce   0x080001ce   0x00000002   PAD
    0x080001d0   0x080001d0   0x00000024   Code   RO            4    .text               startup_stm32l152xe.o
    0x080001f4   0x080001f4   0x00000024   Code   RO         4507    .text               mc_w.l(memcpya.o)
    0x08000218   0x08000218   0x00000024   Code   RO         4509    .text               mc_w.l(memseta.o)
    0x0800023c   0x0800023c   0x0000001e   Code   RO         4511    .text               mc_w.l(strncmp.o)
    0x0800025a   0x0800025a   0x000000b0   Code   RO         4776    .text               mf_w.l(fadd.o)
    0x0800030a   0x0800030a   0x00000064   Code   RO         4778    .text               mf_w.l(fmul.o)
    0x0800036e   0x0800036e   0x0000007c   Code   RO         4780    .text               mf_w.l(fdiv.o)
    0x080003ea   0x080003ea   0x000000e4   Code   RO         4784    .text               mf_w.l(dmul.o)
    0x080004ce   0x080004ce   0x000000de   Code   RO         4786    .text               mf_w.l(ddiv.o)
    0x080005ac   0x080005ac   0x00000012   Code   RO         4788    .text               mf_w.l(fflti.o)
    0x080005be   0x080005be   0x0000000a   Code   RO         4790    .text               mf_w.l(ffltui.o)
    0x080005c8   0x080005c8   0x00000032   Code   RO         4792    .text               mf_w.l(ffixi.o)
    0x080005fa   0x080005fa   0x00000026   Code   RO         4794    .text               mf_w.l(f2d.o)
    0x08000620   0x08000620   0x00000038   Code   RO         4796    .text               mf_w.l(d2f.o)
    0x08000658   0x08000658   0x0000002c   Code   RO         4841    .text               mc_w.l(uidiv.o)
    0x08000684   0x08000684   0x00000000   Code   RO         4852    .text               mc_w.l(iusefp.o)
    0x08000684   0x08000684   0x0000006e   Code   RO         4853    .text               mf_w.l(fepilogue.o)
    0x080006f2   0x080006f2   0x000000ba   Code   RO         4855    .text               mf_w.l(depilogue.o)
    0x080007ac   0x080007ac   0x0000014e   Code   RO         4857    .text               mf_w.l(dadd.o)
    0x080008fa   0x080008fa   0x0000002e   Code   RO         4859    .text               mf_w.l(dscalb.o)
    0x08000928   0x08000928   0x00000024   Code   RO         4865    .text               mc_w.l(init.o)
    0x0800094c   0x0800094c   0x0000001e   Code   RO         4868    .text               mc_w.l(llshl.o)
    0x0800096a   0x0800096a   0x00000020   Code   RO         4870    .text               mc_w.l(llushr.o)
    0x0800098a   0x0800098a   0x00000024   Code   RO         4872    .text               mc_w.l(llsshr.o)
    0x080009ae   0x080009ae   0x000000a2   Code   RO         4875    .text               mf_w.l(dsqrt.o)
    0x08000a50   0x08000a50   0x00000002   Code   RO         2456    i.BusFault_Handler  stm32l1xx_it.o
    0x08000a52   0x08000a52   0x00000002   Code   RO         2457    i.DebugMon_Handler  stm32l1xx_it.o
    0x08000a54   0x08000a54   0x0000004a   Code   RO          868    i.HAL_DMA_Abort_IT  stm32l1xx_hal_dma.o
    0x08000a9e   0x08000a9e   0x00000016   Code   RO          248    i.HAL_Delay         stm32l1xx_hal.o
    0x08000ab4   0x08000ab4   0x000001b0   Code   RO         1758    i.HAL_GPIO_Init     stm32l1xx_hal_gpio.o
    0x08000c64   0x08000c64   0x0000000a   Code   RO         1762    i.HAL_GPIO_WritePin  stm32l1xx_hal_gpio.o
    0x08000c6e   0x08000c6e   0x00000002   PAD
    0x08000c70   0x08000c70   0x0000000c   Code   RO          252    i.HAL_GetTick       stm32l1xx_hal.o
    0x08000c7c   0x08000c7c   0x00000002   Code   RO         1821    i.HAL_I2C_AbortCpltCallback  stm32l1xx_hal_i2c.o
    0x08000c7e   0x08000c7e   0x00000002   Code   RO         1822    i.HAL_I2C_AddrCallback  stm32l1xx_hal_i2c.o
    0x08000c80   0x08000c80   0x000000cc   Code   RO         1825    i.HAL_I2C_ER_IRQHandler  stm32l1xx_hal_i2c.o
    0x08000d4c   0x08000d4c   0x000001f4   Code   RO         1826    i.HAL_I2C_EV_IRQHandler  stm32l1xx_hal_i2c.o
    0x08000f40   0x08000f40   0x00000038   Code   RO         4027    i.HAL_I2C_ErrorCallback  mesn_i2c.o
    0x08000f78   0x08000f78   0x00000144   Code   RO         1832    i.HAL_I2C_Init      stm32l1xx_hal_i2c.o
    0x080010bc   0x080010bc   0x00000002   Code   RO         1834    i.HAL_I2C_ListenCpltCallback  stm32l1xx_hal_i2c.o
    0x080010be   0x080010be   0x00000002   PAD
    0x080010c0   0x080010c0   0x0000000c   Code   RO         4028    i.HAL_I2C_MasterRxCpltCallback  mesn_i2c.o
    0x080010cc   0x080010cc   0x0000000c   Code   RO         4029    i.HAL_I2C_MasterTxCpltCallback  mesn_i2c.o
    0x080010d8   0x080010d8   0x000000b4   Code   RO         1845    i.HAL_I2C_Master_Transmit_IT  stm32l1xx_hal_i2c.o
    0x0800118c   0x0800118c   0x0000000c   Code   RO         4030    i.HAL_I2C_MemRxCpltCallback  mesn_i2c.o
    0x08001198   0x08001198   0x00000002   Code   RO         1847    i.HAL_I2C_MemTxCpltCallback  stm32l1xx_hal_i2c.o
    0x0800119a   0x0800119a   0x00000002   PAD
    0x0800119c   0x0800119c   0x00000110   Code   RO         1850    i.HAL_I2C_Mem_Read_IT  stm32l1xx_hal_i2c.o
    0x080012ac   0x080012ac   0x0000006c   Code   RO         4032    i.HAL_I2C_MspInit   mesn_i2c.o
    0x08001318   0x08001318   0x00000002   Code   RO         1856    i.HAL_I2C_SlaveRxCpltCallback  stm32l1xx_hal_i2c.o
    0x0800131a   0x0800131a   0x00000002   Code   RO         1857    i.HAL_I2C_SlaveTxCpltCallback  stm32l1xx_hal_i2c.o
    0x0800131c   0x0800131c   0x00000010   Code   RO          253    i.HAL_IncTick       stm32l1xx_hal.o
    0x0800132c   0x0800132c   0x00000016   Code   RO          254    i.HAL_Init          stm32l1xx_hal.o
    0x08001342   0x08001342   0x00000002   PAD
    0x08001344   0x08001344   0x00000074   Code   RO         2665    i.HAL_InitTick      stm32l1xx_hal_timebase_tim.o
    0x080013b8   0x080013b8   0x00000090   Code   RO         2571    i.HAL_MspInit       stm32l1xx_hal_msp.o
    0x08001448   0x08001448   0x00000016   Code   RO          501    i.HAL_NVIC_EnableIRQ  stm32l1xx_hal_cortex.o
    0x0800145e   0x0800145e   0x00000002   PAD
    0x08001460   0x08001460   0x00000040   Code   RO          507    i.HAL_NVIC_SetPriority  stm32l1xx_hal_cortex.o
    0x080014a0   0x080014a0   0x00000024   Code   RO          508    i.HAL_NVIC_SetPriorityGrouping  stm32l1xx_hal_cortex.o
    0x080014c4   0x080014c4   0x000001d4   Code   RO          730    i.HAL_RCC_ClockConfig  stm32l1xx_hal_rcc.o
    0x08001698   0x08001698   0x00000040   Code   RO          734    i.HAL_RCC_GetClockConfig  stm32l1xx_hal_rcc.o
    0x080016d8   0x080016d8   0x0000000c   Code   RO          735    i.HAL_RCC_GetHCLKFreq  stm32l1xx_hal_rcc.o
    0x080016e4   0x080016e4   0x00000030   Code   RO          737    i.HAL_RCC_GetPCLK1Freq  stm32l1xx_hal_rcc.o
    0x08001714   0x08001714   0x00000030   Code   RO          738    i.HAL_RCC_GetPCLK2Freq  stm32l1xx_hal_rcc.o
    0x08001744   0x08001744   0x0000008c   Code   RO          739    i.HAL_RCC_GetSysClockFreq  stm32l1xx_hal_rcc.o
    0x080017d0   0x080017d0   0x00000750   Code   RO          742    i.HAL_RCC_OscConfig  stm32l1xx_hal_rcc.o
    0x08001f20   0x08001f20   0x00000018   Code   RO          510    i.HAL_SYSTICK_CLKSourceConfig  stm32l1xx_hal_cortex.o
    0x08001f38   0x08001f38   0x00000028   Code   RO          512    i.HAL_SYSTICK_Config  stm32l1xx_hal_cortex.o
    0x08001f60   0x08001f60   0x00000036   Code   RO         1130    i.HAL_TIM_Base_Init  stm32l1xx_hal_tim.o
    0x08001f96   0x08001f96   0x00000002   Code   RO         1132    i.HAL_TIM_Base_MspInit  stm32l1xx_hal_tim.o
    0x08001f98   0x08001f98   0x00000018   Code   RO         1135    i.HAL_TIM_Base_Start_IT  stm32l1xx_hal_tim.o
    0x08001fb0   0x08001fb0   0x000000f2   Code   RO         1139    i.HAL_TIM_ConfigClockSource  stm32l1xx_hal_tim.o
    0x080020a2   0x080020a2   0x00000002   Code   RO         1159    i.HAL_TIM_IC_CaptureCallback  stm32l1xx_hal_tim.o
    0x080020a4   0x080020a4   0x00000126   Code   RO         1172    i.HAL_TIM_IRQHandler  stm32l1xx_hal_tim.o
    0x080021ca   0x080021ca   0x00000002   Code   RO         1175    i.HAL_TIM_OC_DelayElapsedCallback  stm32l1xx_hal_tim.o
    0x080021cc   0x080021cc   0x000000d0   Code   RO         1196    i.HAL_TIM_PWM_ConfigChannel  stm32l1xx_hal_tim.o
    0x0800229c   0x0800229c   0x00000036   Code   RO         1199    i.HAL_TIM_PWM_Init  stm32l1xx_hal_tim.o
    0x080022d2   0x080022d2   0x00000002   Code   RO         1201    i.HAL_TIM_PWM_MspInit  stm32l1xx_hal_tim.o
    0x080022d4   0x080022d4   0x00000002   Code   RO         1202    i.HAL_TIM_PWM_PulseFinishedCallback  stm32l1xx_hal_tim.o
    0x080022d6   0x080022d6   0x0000001a   Code   RO         1203    i.HAL_TIM_PWM_Start  stm32l1xx_hal_tim.o
    0x080022f0   0x080022f0   0x00000014   Code   RO         2595    i.HAL_TIM_PeriodElapsedCallback  main.o
    0x08002304   0x08002304   0x00000002   Code   RO         1213    i.HAL_TIM_TriggerCallback  stm32l1xx_hal_tim.o
    0x08002306   0x08002306   0x0000005e   Code   RO         2235    i.HAL_UART_Init     stm32l1xx_hal_uart.o
    0x08002364   0x08002364   0x0000005c   Code   RO         3961    i.HAL_UART_MspInit  mesn_uart_os.o
    0x080023c0   0x080023c0   0x00000002   Code   RO         2458    i.HardFault_Handler  stm32l1xx_it.o
    0x080023c2   0x080023c2   0x00000002   PAD
    0x080023c4   0x080023c4   0x0000000c   Code   RO         4033    i.I2C2_ER_IRQHandler  mesn_i2c.o
    0x080023d0   0x080023d0   0x0000000c   Code   RO         4034    i.I2C2_EV_IRQHandler  mesn_i2c.o
    0x080023dc   0x080023dc   0x0000004e   Code   RO         1866    i.I2C_DMAAbort      stm32l1xx_hal_i2c.o
    0x0800242a   0x0800242a   0x00000002   PAD
    0x0800242c   0x0800242c   0x00000124   Code   RO         1869    i.I2C_ITError       stm32l1xx_hal_i2c.o
    0x08002550   0x08002550   0x00000028   Code   RO         1870    i.I2C_IsAcknowledgeFailed  stm32l1xx_hal_i2c.o
    0x08002578   0x08002578   0x000000d0   Code   RO         1871    i.I2C_MasterReceive_BTF  stm32l1xx_hal_i2c.o
    0x08002648   0x08002648   0x000000ba   Code   RO         1872    i.I2C_MasterReceive_RXNE  stm32l1xx_hal_i2c.o
    0x08002702   0x08002702   0x00000084   Code   RO         1875    i.I2C_MasterTransmit_BTF  stm32l1xx_hal_i2c.o
    0x08002786   0x08002786   0x00000002   PAD
    0x08002788   0x08002788   0x000000b0   Code   RO         1876    i.I2C_MasterTransmit_TXE  stm32l1xx_hal_i2c.o
    0x08002838   0x08002838   0x000000fa   Code   RO         1877    i.I2C_Master_ADDR   stm32l1xx_hal_i2c.o
    0x08002932   0x08002932   0x0000005a   Code   RO         1878    i.I2C_Master_SB     stm32l1xx_hal_i2c.o
    0x0800298c   0x0800298c   0x000000f0   Code   RO         1879    i.I2C_RequestMemoryRead  stm32l1xx_hal_i2c.o
    0x08002a7c   0x08002a7c   0x00000088   Code   RO         1881    i.I2C_Slave_AF      stm32l1xx_hal_i2c.o
    0x08002b04   0x08002b04   0x000000e8   Code   RO         1882    i.I2C_Slave_STOPF   stm32l1xx_hal_i2c.o
    0x08002bec   0x08002bec   0x00000060   Code   RO         1884    i.I2C_WaitOnFlagUntilTimeout  stm32l1xx_hal_i2c.o
    0x08002c4c   0x08002c4c   0x00000088   Code   RO         1885    i.I2C_WaitOnMasterAddressFlagUntilTimeout  stm32l1xx_hal_i2c.o
    0x08002cd4   0x08002cd4   0x0000004e   Code   RO         1887    i.I2C_WaitOnTXEFlagUntilTimeout  stm32l1xx_hal_i2c.o
    0x08002d22   0x08002d22   0x0000002c   Code   RO         4296    i.LSM6DS3Core_beginCore  lsm6ds3_port.o
    0x08002d4e   0x08002d4e   0x00000018   Code   RO         4297    i.LSM6DS3Core_readRegister  lsm6ds3_port.o
    0x08002d66   0x08002d66   0x00000014   Code   RO         4298    i.LSM6DS3Core_readRegisterInt16  lsm6ds3_port.o
    0x08002d7a   0x08002d7a   0x00000018   Code   RO         4299    i.LSM6DS3Core_readRegisterRegion  lsm6ds3_port.o
    0x08002d92   0x08002d92   0x0000001a   Code   RO         4300    i.LSM6DS3Core_writeRegister  lsm6ds3_port.o
    0x08002dac   0x08002dac   0x0000003c   Code   RO         4128    i.LSM6DS3_begin     lsm6ds3.o
    0x08002de8   0x08002de8   0x00000154   Code   RO         4129    i.LSM6DS3_begin_accel  lsm6ds3.o
    0x08002f3c   0x08002f3c   0x0000008c   Code   RO         4130    i.LSM6DS3_begin_gyro  lsm6ds3.o
    0x08002fc8   0x08002fc8   0x00000020   Code   RO         4131    i.LSM6DS3_calcAccel  lsm6ds3.o
    0x08002fe8   0x08002fe8   0x00000028   Code   RO         4132    i.LSM6DS3_calcGyro  lsm6ds3.o
    0x08003010   0x08003010   0x0000001c   Code   RO         4139    i.LSM6DS3_readMdpsGyroY  lsm6ds3.o
    0x0800302c   0x0800302c   0x0000001c   Code   RO         4141    i.LSM6DS3_readMgAccelX  lsm6ds3.o
    0x08003048   0x08003048   0x00000006   Code   RO         4144    i.LSM6DS3_readRawAccelX  lsm6ds3.o
    0x0800304e   0x0800304e   0x00000006   Code   RO         4148    i.LSM6DS3_readRawGyroY  lsm6ds3.o
    0x08003054   0x08003054   0x00000090   Code   RO         2705    i.MX_FREERTOS_Init  freertos.o
    0x080030e4   0x080030e4   0x000000ac   Code   RO         2818    i.MX_GPIO_Init      gpio.o
    0x08003190   0x08003190   0x00000098   Code   RO         4036    i.MeSN_I2C_Init     mesn_i2c.o
    0x08003228   0x08003228   0x00000064   Code   RO         4037    i.MeSN_I2C_RegisterRead  mesn_i2c.o
    0x0800328c   0x0800328c   0x0000005c   Code   RO         4038    i.MeSN_I2C_Write    mesn_i2c.o
    0x080032e8   0x080032e8   0x00000038   Code   RO         4343    i.MeSN_MotorDriverCore_SetDir  mesn_motordriver.o
    0x08003320   0x08003320   0x00000012   Code   RO         4344    i.MeSN_MotorDriverCore_SetSpeed  mesn_motordriver.o
    0x08003332   0x08003332   0x0000000e   Code   RO         4345    i.MeSN_MotorDriver_Init  mesn_motordriver.o
    0x08003340   0x08003340   0x00000038   Code   RO         4346    i.MeSN_MotorDriver_Move  mesn_motordriver.o
    0x08003378   0x08003378   0x00000058   Code   RO         3962    i.MeSN_UART_Init    mesn_uart_os.o
    0x080033d0   0x080033d0   0x0000002c   Code   RO         3963    i.MeSN_Uart_GetChar  mesn_uart_os.o
    0x080033fc   0x080033fc   0x00000024   Code   RO         3964    i.MeSN_Uart_GetString  mesn_uart_os.o
    0x08003420   0x08003420   0x00000038   Code   RO         3965    i.MeSN_Uart_PutString_Poll  mesn_uart_os.o
    0x08003458   0x08003458   0x00000002   Code   RO         2459    i.MemManage_Handler  stm32l1xx_it.o
    0x0800345a   0x0800345a   0x00000002   PAD
    0x0800345c   0x0800345c   0x00000048   Code   RO         4392    i.MotorDriver_Port_GPIO_Init  mesn_motordriver_port.o
    0x080034a4   0x080034a4   0x00000100   Code   RO         4393    i.MotorDriver_Port_PWM_Init  mesn_motordriver_port.o
    0x080035a4   0x080035a4   0x00000014   Code   RO         4394    i.MotorDriver_Port_SetPWM  mesn_motordriver_port.o
    0x080035b8   0x080035b8   0x00000018   Code   RO         4395    i.MotorDriver_Port_SetPin_IN1  mesn_motordriver_port.o
    0x080035d0   0x080035d0   0x00000018   Code   RO         4396    i.MotorDriver_Port_SetPin_IN2  mesn_motordriver_port.o
    0x080035e8   0x080035e8   0x00000002   Code   RO         2460    i.NMI_Handler       stm32l1xx_it.o
    0x080035ea   0x080035ea   0x00000020   Code   RO          514    i.NVIC_SetPriority  stm32l1xx_hal_cortex.o
    0x0800360a   0x0800360a   0x00000002   PAD
    0x0800360c   0x0800360c   0x00000080   Code   RO          743    i.RCC_SetFlashLatencyFromMSIRange  stm32l1xx_hal_rcc.o
    0x0800368c   0x0800368c   0x00000004   Code   RO         2461    i.SysTick_Handler   stm32l1xx_it.o
    0x08003690   0x08003690   0x00000078   Code   RO         2596    i.SystemClock_Config  main.o
    0x08003708   0x08003708   0x00000050   Code   RO         2843    i.SystemInit        system_stm32l1xx.o
    0x08003758   0x08003758   0x0000000c   Code   RO         2462    i.TIM6_IRQHandler   stm32l1xx_it.o
    0x08003764   0x08003764   0x0000007c   Code   RO         1214    i.TIM_Base_SetConfig  stm32l1xx_hal_tim.o
    0x080037e0   0x080037e0   0x00000016   Code   RO         1215    i.TIM_CCxChannelCmd  stm32l1xx_hal_tim.o
    0x080037f6   0x080037f6   0x00000014   Code   RO         1221    i.TIM_ETR_SetConfig  stm32l1xx_hal_tim.o
    0x0800380a   0x0800380a   0x00000010   Code   RO         1222    i.TIM_ITRx_SetConfig  stm32l1xx_hal_tim.o
    0x0800381a   0x0800381a   0x0000002c   Code   RO         1223    i.TIM_OC1_SetConfig  stm32l1xx_hal_tim.o
    0x08003846   0x08003846   0x00000030   Code   RO         1224    i.TIM_OC2_SetConfig  stm32l1xx_hal_tim.o
    0x08003876   0x08003876   0x0000002e   Code   RO         1225    i.TIM_OC3_SetConfig  stm32l1xx_hal_tim.o
    0x080038a4   0x080038a4   0x00000030   Code   RO         1226    i.TIM_OC4_SetConfig  stm32l1xx_hal_tim.o
    0x080038d4   0x080038d4   0x00000022   Code   RO         1228    i.TIM_TI1_ConfigInputStage  stm32l1xx_hal_tim.o
    0x080038f6   0x080038f6   0x00000024   Code   RO         1230    i.TIM_TI2_ConfigInputStage  stm32l1xx_hal_tim.o
    0x0800391a   0x0800391a   0x00000002   PAD
    0x0800391c   0x0800391c   0x000000c4   Code   RO         2706    i.Task_enreg        freertos.o
    0x080039e0   0x080039e0   0x00000060   Code   RO         2707    i.Task_regu         freertos.o
    0x08003a40   0x08003a40   0x00000174   Code   RO         2708    i.Task_uart         freertos.o
    0x08003bb4   0x08003bb4   0x000002a0   Code   RO         2254    i.UART_SetConfig    stm32l1xx_hal_uart.o
    0x08003e54   0x08003e54   0x00000024   Code   RO         3966    i.USART3_IRQHandler  mesn_uart_os.o
    0x08003e78   0x08003e78   0x00000002   Code   RO         2463    i.UsageFault_Handler  stm32l1xx_it.o
    0x08003e7a   0x08003e7a   0x00000002   Code   RO         2597    i._Error_Handler    main.o
    0x08003e7c   0x08003e7c   0x00000028   Code   RO         4562    i.__0sprintf$1      mc_w.l(printf1.o)
    0x08003ea4   0x08003ea4   0x00000028   Code   RO         4812    i.__ARM_fpclassify  m_ws.l(fpclassify.o)
    0x08003ecc   0x08003ecc   0x000000aa   Code   RO         4814    i.__kernel_poly     m_ws.l(poly.o)
    0x08003f76   0x08003f76   0x00000006   Code   RO         4799    i.__mathlib_dbl_infnan  m_ws.l(dunder.o)
    0x08003f7c   0x08003f7c   0x0000000c   Code   RO         4801    i.__mathlib_dbl_invalid  m_ws.l(dunder.o)
    0x08003f88   0x08003f88   0x00000010   Code   RO         4804    i.__mathlib_dbl_underflow  m_ws.l(dunder.o)
    0x08003f98   0x08003f98   0x0000000e   Code   RO         4881    i.__scatterload_copy  mc_w.l(handlers.o)
    0x08003fa6   0x08003fa6   0x00000002   Code   RO         4882    i.__scatterload_null  mc_w.l(handlers.o)
    0x08003fa8   0x08003fa8   0x0000000e   Code   RO         4883    i.__scatterload_zeroinit  mc_w.l(handlers.o)
    0x08003fb6   0x08003fb6   0x00000002   PAD
    0x08003fb8   0x08003fb8   0x0000000c   Code   RO         4847    i.__set_errno       mc_w.l(errno.o)
    0x08003fc4   0x08003fc4   0x00000154   Code   RO         4567    i._printf_core      mc_w.l(printf1.o)
    0x08004118   0x08004118   0x0000000a   Code   RO         4569    i._sputc            mc_w.l(printf1.o)
    0x08004122   0x08004122   0x00000002   PAD
    0x08004124   0x08004124   0x00000270   Code   RO         4495    i.asin              m_ws.l(asin.o)
    0x08004394   0x08004394   0x0000007c   Code   RO         4441    i.autoAlgo_angleObs  regulation.lib(regulation.o)
    0x08004410   0x08004410   0x0000007c   Code   RO         4442    i.autoAlgo_commandLaw  regulation.lib(regulation.o)
    0x0800448c   0x0800448c   0x00000048   Code   RO         2709    i.help              freertos.o
    0x080044d4   0x080044d4   0x0000000c   Code   RO         3583    i.inHandlerMode     cmsis_os.o
    0x080044e0   0x080044e0   0x0000009c   Code   RO         2710    i.interfaceAffichage  freertos.o
    0x0800457c   0x0800457c   0x000000c0   Code   RO         2598    i.main              main.o
    0x0800463c   0x0800463c   0x0000000e   Code   RO         3585    i.osDelay           cmsis_os.o
    0x0800464a   0x0800464a   0x0000000e   Code   RO         3586    i.osDelayUntil      cmsis_os.o
    0x08004658   0x08004658   0x0000000a   Code   RO         3588    i.osKernelStart     cmsis_os.o
    0x08004662   0x08004662   0x00000018   Code   RO         3589    i.osKernelSysTick   cmsis_os.o
    0x0800467a   0x0800467a   0x00000008   Code   RO         3597    i.osMessageCreate   cmsis_os.o
    0x08004682   0x08004682   0x00000002   PAD
    0x08004684   0x08004684   0x00000098   Code   RO         3599    i.osMessageGet      cmsis_os.o
    0x0800471c   0x0800471c   0x0000005c   Code   RO         3601    i.osMessagePut      cmsis_os.o
    0x08004778   0x08004778   0x00000006   Code   RO         3603    i.osMutexCreate     cmsis_os.o
    0x0800477e   0x0800477e   0x00000002   PAD
    0x08004780   0x08004780   0x00000050   Code   RO         3605    i.osMutexRelease    cmsis_os.o
    0x080047d0   0x080047d0   0x00000068   Code   RO         3606    i.osMutexWait       cmsis_os.o
    0x08004838   0x08004838   0x00000026   Code   RO         3614    i.osSemaphoreCreate  cmsis_os.o
    0x0800485e   0x0800485e   0x00000002   PAD
    0x08004860   0x08004860   0x00000050   Code   RO         3617    i.osSemaphoreRelease  cmsis_os.o
    0x080048b0   0x080048b0   0x00000068   Code   RO         3618    i.osSemaphoreWait   cmsis_os.o
    0x08004918   0x08004918   0x00000014   Code   RO         3621    i.osSystickHandler  cmsis_os.o
    0x0800492c   0x0800492c   0x00000030   Code   RO         3622    i.osThreadCreate    cmsis_os.o
    0x0800495c   0x0800495c   0x00000070   Code   RO         2879    i.prvAddCurrentTaskToDelayedList  tasks.o
    0x080049cc   0x080049cc   0x000000c8   Code   RO         2880    i.prvAddNewTaskToReadyList  tasks.o
    0x08004a94   0x08004a94   0x00000026   Code   RO         3427    i.prvCopyDataFromQueue  queue.o
    0x08004aba   0x08004aba   0x0000006c   Code   RO         3428    i.prvCopyDataToQueue  queue.o
    0x08004b26   0x08004b26   0x00000002   PAD
    0x08004b28   0x08004b28   0x00000024   Code   RO         2881    i.prvIdleTask       tasks.o
    0x08004b4c   0x08004b4c   0x0000009c   Code   RO         2882    i.prvInitialiseNewTask  tasks.o
    0x08004be8   0x08004be8   0x0000001c   Code   RO         3429    i.prvIsQueueEmpty   queue.o
    0x08004c04   0x08004c04   0x00000020   Code   RO         2884    i.prvResetNextTaskUnblockTime  tasks.o
    0x08004c24   0x08004c24   0x00000028   Code   RO         3314    i.prvTaskExitError  port.o
    0x08004c4c   0x08004c4c   0x0000006a   Code   RO         3430    i.prvUnlockQueue    queue.o
    0x08004cb6   0x08004cb6   0x00000002   PAD
    0x08004cb8   0x08004cb8   0x00000058   Code   RO         3188    i.pvPortMalloc      heap_1.o
    0x08004d10   0x08004d10   0x00000018   Code   RO         2886    i.pvTaskIncrementMutexHeldCount  tasks.o
    0x08004d28   0x08004d28   0x00000024   Code   RO         3315    i.pxPortInitialiseStack  port.o
    0x08004d4c   0x08004d4c   0x0000004c   Code   RO         4817    i.sqrt              m_ws.l(sqrt.o)
    0x08004d98   0x08004d98   0x00000024   Code   RO         3390    i.uxListRemove      list.o
    0x08004dbc   0x08004dbc   0x00000002   Code   RO         2711    i.vApplicationMallocFailedHook  freertos.o
    0x08004dbe   0x08004dbe   0x00000002   Code   RO         2712    i.vApplicationStackOverflowHook  freertos.o
    0x08004dc0   0x08004dc0   0x00000016   Code   RO         3391    i.vListInitialise   list.o
    0x08004dd6   0x08004dd6   0x00000006   Code   RO         3392    i.vListInitialiseItem  list.o
    0x08004ddc   0x08004ddc   0x00000030   Code   RO         3393    i.vListInsert       list.o
    0x08004e0c   0x08004e0c   0x00000018   Code   RO         3394    i.vListInsertEnd    list.o
    0x08004e24   0x08004e24   0x00000040   Code   RO         3317    i.vPortEnterCritical  port.o
    0x08004e64   0x08004e64   0x00000028   Code   RO         3318    i.vPortExitCritical  port.o
    0x08004e8c   0x08004e8c   0x00000016   Code   RO         3189    i.vPortFree         heap_1.o
    0x08004ea2   0x08004ea2   0x00000002   PAD
    0x08004ea4   0x08004ea4   0x00000020   Code   RO         3319    i.vPortSetupTimerInterrupt  port.o
    0x08004ec4   0x08004ec4   0x00000054   Code   RO         3320    i.vPortValidateInterruptPriority  port.o
    0x08004f18   0x08004f18   0x0000004c   Code   RO         2892    i.vTaskDelay        tasks.o
    0x08004f64   0x08004f64   0x0000008c   Code   RO         2893    i.vTaskDelayUntil   tasks.o
    0x08004ff0   0x08004ff0   0x0000000c   Code   RO         2896    i.vTaskMissedYield  tasks.o
    0x08004ffc   0x08004ffc   0x00000030   Code   RO         2898    i.vTaskPlaceOnEventList  tasks.o
    0x0800502c   0x0800502c   0x00000084   Code   RO         2900    i.vTaskPriorityInherit  tasks.o
    0x080050b0   0x080050b0   0x00000024   Code   RO         2903    i.vTaskSetTimeOutState  tasks.o
    0x080050d4   0x080050d4   0x00000068   Code   RO         2904    i.vTaskStartScheduler  tasks.o
    0x0800513c   0x0800513c   0x00000010   Code   RO         2906    i.vTaskSuspendAll   tasks.o
    0x0800514c   0x0800514c   0x00000074   Code   RO         2907    i.vTaskSwitchContext  tasks.o
    0x080051c0   0x080051c0   0x00000074   Code   RO         3321    i.xPortStartScheduler  port.o
    0x08005234   0x08005234   0x0000002c   Code   RO         3322    i.xPortSysTickHandler  port.o
    0x08005260   0x08005260   0x00000024   Code   RO         3440    i.xQueueCreateMutex  queue.o
    0x08005284   0x08005284   0x00000052   Code   RO         3441    i.xQueueGenericCreate  queue.o
    0x080052d6   0x080052d6   0x00000002   PAD
    0x080052d8   0x080052d8   0x0000016c   Code   RO         3442    i.xQueueGenericReceive  queue.o
    0x08005444   0x08005444   0x00000088   Code   RO         3443    i.xQueueGenericReset  queue.o
    0x080054cc   0x080054cc   0x00000160   Code   RO         3444    i.xQueueGenericSend  queue.o
    0x0800562c   0x0800562c   0x000000bc   Code   RO         3445    i.xQueueGenericSendFromISR  queue.o
    0x080056e8   0x080056e8   0x0000009c   Code   RO         3446    i.xQueueGiveFromISR  queue.o
    0x08005784   0x08005784   0x0000009a   Code   RO         3450    i.xQueueReceiveFromISR  queue.o
    0x0800581e   0x0800581e   0x00000002   PAD
    0x08005820   0x08005820   0x0000006c   Code   RO         2908    i.xTaskCheckForTimeOut  tasks.o
    0x0800588c   0x0800588c   0x00000056   Code   RO         2909    i.xTaskCreate       tasks.o
    0x080058e2   0x080058e2   0x00000002   PAD
    0x080058e4   0x080058e4   0x0000001c   Code   RO         2913    i.xTaskGetSchedulerState  tasks.o
    0x08005900   0x08005900   0x0000000c   Code   RO         2914    i.xTaskGetTickCount  tasks.o
    0x0800590c   0x0800590c   0x00000010   Code   RO         2915    i.xTaskGetTickCountFromISR  tasks.o
    0x0800591c   0x0800591c   0x000000c8   Code   RO         2916    i.xTaskIncrementTick  tasks.o
    0x080059e4   0x080059e4   0x00000098   Code   RO         2919    i.xTaskPriorityDisinherit  tasks.o
    0x08005a7c   0x08005a7c   0x00000074   Code   RO         2920    i.xTaskRemoveFromEventList  tasks.o
    0x08005af0   0x08005af0   0x000000c4   Code   RO         2922    i.xTaskResumeAll    tasks.o
    0x08005bb4   0x08005bb4   0x0000004c   Data   RO         2714    .constdata          freertos.o
    0x08005c00   0x08005c00   0x00000019   Data   RO         2844    .constdata          system_stm32l1xx.o
    0x08005c19   0x08005c19   0x00000008   Data   RO         2845    .constdata          system_stm32l1xx.o
    0x08005c21   0x08005c21   0x00000003   PAD
    0x08005c24   0x08005c24   0x0000000c   Data   RO         3968    .constdata          mesn_uart_os.o
    0x08005c30   0x08005c30   0x00000050   Data   RO         4496    .constdata          m_ws.l(asin.o)
    0x08005c80   0x08005c80   0x000000ad   Data   RO         2715    .conststring        freertos.o
    0x08005d2d   0x08005d2d   0x00000003   PAD
    0x08005d30   0x08005d30   0x00000020   Data   RO         4879    Region$$Table       anon$$obj.o


    Execution Region RW_IRAM1 (Exec base: 0x20000000, Load base: 0x08005d50, Size: 0x000026f8, Max: 0x00014000, ABSOLUTE)

    Exec Addr    Load Addr    Size         Type   Attr      Idx    E Section Name        Object

    0x20000000   0x08005d50   0x00000004   Data   RW          260    .data               stm32l1xx_hal.o
    0x20000004   0x08005d54   0x00000014   Data   RW         2716    .data               freertos.o
    0x20000018   0x08005d68   0x00000004   Data   RW         2846    .data               system_stm32l1xx.o
    0x2000001c   0x08005d6c   0x00000038   Data   RW         2925    .data               tasks.o
    0x20000054   0x08005da4   0x00000008   Data   RW         3193    .data               heap_1.o
    0x2000005c   0x08005dac   0x0000000c   Data   RW         3323    .data               port.o
    0x20000068   0x08005db8   0x00000008   Data   RW         3969    .data               mesn_uart_os.o
    0x20000070   0x08005dc0   0x00000014   Data   RW         4041    .data               mesn_i2c.o
    0x20000084   0x08005dd4   0x00000020   Data   RW         4153    .data               lsm6ds3.o
    0x200000a4   0x08005df4   0x00000004   Data   RW         4848    .data               mc_w.l(errno.o)
    0x200000a8        -       0x00000038   Zero   RW         2668    .bss                stm32l1xx_hal_timebase_tim.o
    0x200000e0        -       0x00000070   Zero   RW         2713    .bss                freertos.o
    0x20000150        -       0x000000dc   Zero   RW         2924    .bss                tasks.o
    0x2000022c        -       0x00002000   Zero   RW         3192    .bss                heap_1.o
    0x2000222c        -       0x00000040   Zero   RW         3967    .bss                mesn_uart_os.o
    0x2000226c        -       0x00000054   Zero   RW         4040    .bss                mesn_i2c.o
    0x200022c0        -       0x00000038   Zero   RW         4397    .bss                mesn_motordriver_port.o
    0x200022f8        -       0x00000400   Zero   RW            1    STACK               startup_stm32l152xe.o


==============================================================================

Image component sizes


      Code (inc. data)   RO Data    RW Data    ZI Data      Debug   Object Name

       806         32          0          0          0      23235   cmsis_os.o
      1040        300        249         20        112      21817   freertos.o
       172         22          0          0          0       1011   gpio.o
       110          8          0          8       8192       4999   heap_1.o
       136          0          0          0          0       3466   list.o
       680         24          0         32          0       7718   lsm6ds3.o
       138          0          0          0          0       3818   lsm6ds3_port.o
       334        152          0          0          0       3089   main.o
       568         80          0         20         84       7291   mesn_i2c.o
       144          0          0          0          0       4028   mesn_motordriver.o
       396         92          0          0         56       3969   mesn_motordriver_port.o
       352         52         12          8         64       5019   mesn_uart_os.o
       606         72          0         12          0      11173   port.o
      1748         14          0          0          0      15868   queue.o
        36          8        292          0       1024        816   startup_stm32l152xe.o
        72         12          0          4          0       3096   stm32l1xx_hal.o
       218         14          0          0          0      28081   stm32l1xx_hal_cortex.o
        74          0          0          0          0       1091   stm32l1xx_hal_dma.o
         0          0          0          0          0     409024   stm32l1xx_hal_flash_ramfunc.o
       442         40          0          0          0       2380   stm32l1xx_hal_gpio.o
      3862         62          0          0          0      22894   stm32l1xx_hal_i2c.o
       144          4          0          0          0        950   stm32l1xx_hal_msp.o
      2780        124          0          0          0       7901   stm32l1xx_hal_rcc.o
      1352         24          0          0          0      15862   stm32l1xx_hal_tim.o
       116         18          0          0         56       1480   stm32l1xx_hal_timebase_tim.o
       766          6          0          0          0       2000   stm32l1xx_hal_uart.o
        28          6          0          0          0      24209   stm32l1xx_it.o
        80         18         33          4          0       1243   system_stm32l1xx.o
      2154        176          0         56        220      32710   tasks.o

    ----------------------------------------------------------------------
     19396       1360        624        164       9808     670238   Object Totals
         0          0         32          0          0          0   (incl. Generated)
        42          0          6          0          0          0   (incl. Padding)

    ----------------------------------------------------------------------

      Code (inc. data)   RO Data    RW Data    ZI Data      Debug   Library Member Name

       624         52         80          0          0        168   asin.o
        34          6          0          0          0        204   dunder.o
        40          0          0          0          0         68   fpclassify.o
       170          0          0          0          0         96   poly.o
        76          0          0          0          0         84   sqrt.o
         0          0          0          0          0          0   entry.o
         0          0          0          0          0          0   entry10a.o
         0          0          0          0          0          0   entry11a.o
         8          4          0          0          0          0   entry2.o
         4          0          0          0          0          0   entry5.o
         0          0          0          0          0          0   entry7b.o
         0          0          0          0          0          0   entry8b.o
         8          4          0          0          0          0   entry9a.o
        12          6          0          4          0         68   errno.o
        30          0          0          0          0          0   handlers.o
        36          8          0          0          0         68   init.o
         0          0          0          0          0          0   iusefp.o
        30          0          0          0          0         68   llshl.o
        36          0          0          0          0         68   llsshr.o
        32          0          0          0          0         68   llushr.o
        36          0          0          0          0         68   memcpya.o
        36          0          0          0          0        108   memseta.o
       390         10          0          0          0        252   printf1.o
        30          0          0          0          0         80   strncmp.o
        44          0          0          0          0         80   uidiv.o
        56          0          0          0          0         88   d2f.o
       334          0          0          0          0        148   dadd.o
       222          0          0          0          0        100   ddiv.o
       186          0          0          0          0        176   depilogue.o
       228          0          0          0          0         96   dmul.o
        46          0          0          0          0         80   dscalb.o
       162          0          0          0          0        100   dsqrt.o
        38          0          0          0          0         68   f2d.o
       176          0          0          0          0        140   fadd.o
       124          0          0          0          0         88   fdiv.o
       110          0          0          0          0        168   fepilogue.o
        50          0          0          0          0         68   ffixi.o
        18          0          0          0          0         68   fflti.o
        10          0          0          0          0         68   ffltui.o
       100          0          0          0          0         76   fmul.o
       248         30          0          0          0      19278   regulation.o

    ----------------------------------------------------------------------
      3788        120         80          4          0      22358   Library Totals
         4          0          0          0          0          0   (incl. Padding)

    ----------------------------------------------------------------------

      Code (inc. data)   RO Data    RW Data    ZI Data      Debug   Library Name

       944         58         80          0          0        620   m_ws.l
       732         32          0          4          0        928   mc_w.l
      1860          0          0          0          0       1532   mf_w.l
       248         30          0          0          0      19278   regulation.lib

    ----------------------------------------------------------------------
      3788        120         80          4          0      22358   Library Totals

    ----------------------------------------------------------------------

==============================================================================


      Code (inc. data)   RO Data    RW Data    ZI Data      Debug   

     23184       1480        704        168       9808     680580   Grand Totals
     23184       1480        704        168       9808     680580   ELF Image Totals
     23184       1480        704        168          0          0   ROM Totals

==============================================================================

    Total RO  Size (Code + RO Data)                23888 (  23.33kB)
    Total RW  Size (RW Data + ZI Data)              9976 (   9.74kB)
    Total ROM Size (Code + RO Data + RW Data)      24056 (  23.49kB)

==============================================================================

