<html>
<body>
<pre>
<h1>µVision Build Log</h1>
<h2>Tool Versions:</h2>
IDE-Version: µVision V5.24.2.0
Copyright (C) 2017 ARM Ltd and ARM Germany GmbH. All rights reserved.
License Information: MICROO Microsoft, Microsoft, LIC=----
 
Tool Versions:
Toolchain:       MDK-Lite  Version: 5.24.1
Toolchain Path:  C:\Keil_v5\ARM\ARMCC\Bin
C Compiler:      Armcc.exe V5.06 update 5 (build 528)
Assembler:       Armasm.exe V5.06 update 5 (build 528)
Linker/Locator:  ArmLink.exe V5.06 update 5 (build 528)
Library Manager: ArmAr.exe V5.06 update 5 (build 528)
Hex Converter:   FromElf.exe V5.06 update 5 (build 528)
CPU DLL:         SARMCM3.DLL V5.24.1
Dialog DLL:      DCM.DLL V1.16.0.0
Target DLL:      STLink\ST-LINKIII-KEIL_SWO.dll V3.0.1.0
Dialog DLL:      TCM.DLL V1.32.0.0
 
<h2>Project:</h2>
H:\esix-msen2\TP_RTOS\2018-01_RTOS-project\2018-01_RTOS-project\MDK-ARM\2018-01_RTOS-project.uvprojx
Project File Date:  01/08/2018

<h2>Output:</h2>
*** Using Compiler 'V5.06 update 5 (build 528)', folder: 'C:\Keil_v5\ARM\ARMCC\Bin'
Build target '2018-01_RTOS-project'
compiling freertos.c...
..\Drivers\MeSN\UART\MeSN_uart.h(42): warning:  #1295-D: Deprecated declaration MeSN_UART_Init - give arg types
  void MeSN_UART_Init();
../Src/freertos.c(102): warning:  #1295-D: Deprecated declaration help - give arg types
  void help();
../Src/freertos.c(161): warning:  #177-D: variable "os_mutex_def_Mutex_tableau"  was declared but never referenced
  	  osMutexDef(Mutex_tableau);
../Src/freertos.c(190): warning:  #167-D: argument of type "uint32_t *" is incompatible with parameter of type "int32_t *"
     LSM6DS3_readMgAccelX(&accX);	// accélération mesurée sur l'ax X en milli-g	
../Src/freertos.c(192): warning:  #167-D: argument of type "uint32_t *" is incompatible with parameter of type "int32_t *"
   LSM6DS3_readMdpsGyroY(&rotAngY ); // vitesse angulaire mesurée sur l'axe Y en milli-deg/s				
../Src/freertos.c(251): warning:  #550-D: variable "msgEvent"  was set but never used
  	MeSN_StatusTypedef msgEvent;
../Src/freertos.c: 6 warnings, 0 errors
linking...
Program Size: Code=23184 RO-data=704 RW-data=168 ZI-data=9808  
"2018-01_RTOS-project\2018-01_RTOS-project.axf" - 0 Error(s), 6 Warning(s).

<h2>Software Packages used:</h2>

Package Vendor: ARM
                http://www.keil.com/pack/ARM.CMSIS.5.1.0.pack
                ARM.CMSIS.5.1.0
                CMSIS (Cortex Microcontroller Software Interface Standard)
   * Component: CORE Version: 5.0.2

Package Vendor: Keil
                http://www.keil.com/pack/Keil.STM32L1xx_DFP.1.2.0.pack
                Keil.STM32L1xx_DFP.1.2.0
                STMicroelectronics STM32L1 Series Device Support and Examples

<h2>Collection of Component include folders:</h2>
  .\RTE\_2018-01_RTOS-project
  C:\Keil_v5\ARM\PACK\ARM\CMSIS\5.1.0\CMSIS\Include
  C:\Keil_v5\ARM\PACK\Keil\STM32L1xx_DFP\1.2.0\Device\Include

<h2>Collection of Component Files used:</h2>

   * Component: ARM::CMSIS:CORE:5.0.2
Build Time Elapsed:  00:00:04
</pre>
</body>
</html>
